
     Program HP v.7.5 starts on 10Aug2026 at 20: 0:46 

     This program is part of the open-source Quantum ESPRESSO suite
     for quantum simulation of materials; please cite
         "P. Giannozzi et al., J. Phys.:Condens. Matter 21 395502 (2009);
         "P. Giannozzi et al., J. Phys.:Condens. Matter 29 465901 (2017);
         "P. Giannozzi et al., J. Chem. Phys. 152 154105 (2020);
          URL http://www.quantum-espresso.org", 
     in publications or presentations arising from this work. More details at
     http://www.quantum-espresso.org/quote

     Parallel version (MPI & OpenMP), running on      18 processor cores
     Number of MPI processes:                18
     Threads/MPI process:                     1

     MPI processes distributed on     1 nodes
     K-points division:     npool     =       6
     R & G space division:  proc/nbgrp/npool/nimage =       3
     221534 MiB available memory on the printing compute node when the environment starts


     =---------------------------------------------------------------------------=

           Calculation of Hubbard parameters using the HP code based on DFPT      

               Please cite the following papers when using this program:          

                 - HP code : Comput. Phys. Commun. 279, 108455 (2022).            

                                                                                  

           For a nonrelativistic, collinear calculation:                          

                 - Theory  : I. Timrov et al, Phys. Rev. B 98,  085127 (2018) and 

                             I. Timrov et al, Phys. Rev. B 103, 045141 (2021).    

                                                                                  

           For a fully-relativistic, and/or noncollinear calculation:             

                 - Theory  : L. Binci et al., Phys. Rev. B 108, 115157 (2023) and 

                             I. Timrov et al, Phys. Rev. B 98,  085127 (2018) 

     =-----------------------------------------------------------------------------=

     Reading xml data from directory:

     ./tmp_crslab_sym/crslab_sym.save/
     file O.pbe-n-kjpaw_psl.0.1.UPF: wavefunction(s)  2P renormalized

     IMPORTANT: XC functional enforced from input :
     Exchange-correlation= PBE
                           (   1   4   3   4   0   0   0)
     Any further DFT definition will be discarded
     Please, verify this is what you really want


     Parallelization info
     --------------------
     sticks:   dense  smooth     PW     G-vecs:    dense   smooth      PW
     Min        1107     551    156               280417    99137   14968
     Max        1108     551    158               280424    99145   14977
     Sum        3323    1653    471               841263   297421   44917

     Using Slab Decomposition


     Check: negative core charge=   -0.000001

     negative rho (up, down):  2.422E-03 2.008E-02
     Reading collected, re-writing distributed wavefunctions


     bravais-lattice index     =             0
     lattice parameter (alat)  =        5.5104 (a.u.)
     unit-cell volume          =     3076.9124 (a.u.)^3
     number of atoms/cell      =            18
     number of atomic types    =             2
     kinetic-energy cut-off    =         80.00 (Ry)
     charge density cut-off    =        640.00 (Ry)
     conv. thresh. for NSCF    =       1.0E-11
     conv. thresh. for chi     =       1.0E-05
     Input Hubbard parameters (in eV):
       U ( 1)                     =   1.00000E-08

     celldm(1) =  5.51044  celldm(2) =  0.00000  celldm(3) =  0.00000
     celldm(4) =  0.00000  celldm(5) =  0.00000  celldm(6) =  0.00000

     crystal axes: (cart. coord. in units of alat)
               a(1) = (  1.0000  0.0000  0.0000 )  
               a(2) = (  0.0000  2.1441  0.0000 )  
               a(3) = (  0.0000  0.0000  8.5765 )  

     reciprocal axes: (cart. coord. in units 2 pi/alat)
               b(1) = (  1.0000  0.0000  0.0000 )  
               b(2) = (  0.0000  0.4664  0.0000 )  
               b(3) = (  0.0000  0.0000  0.1166 )  

     Atoms inside the unit cell (Cartesian axes):
     site n.  atom      mass           positions (alat units)
        1   Cr        51.9960   tau(  1) = (  0.00000  0.53603  3.21617  )
        2   Cr        51.9960   tau(  2) = (  0.50000  1.60809  3.21617  )
        3   Cr        51.9960   tau(  3) = ( -0.00000  1.60809  4.31643  )
        4   Cr        51.9960   tau(  4) = (  0.50000  0.53603  4.29126  )
        5   Cr        51.9960   tau(  5) = ( -0.00000  0.53603  5.35159  )
        6   Cr        51.9960   tau(  6) = (  0.50000  1.60809  5.44652  )
        7   O         15.9990   tau(  7) = (  0.00000  1.60809  3.63427  )
        8   O         15.9990   tau(  8) = (  0.00000  1.60809  2.79807  )
        9   O         15.9990   tau(  9) = (  0.50000  0.11793  3.21617  )
       10   O         15.9990   tau( 10) = (  0.50000  0.95413  3.21617  )
       11   O         15.9990   tau( 11) = ( -0.00000  0.53603  4.72681  )
       12   O         15.9990   tau( 12) = (  0.00000  0.53603  3.87013  )
       13   O         15.9990   tau( 13) = (  0.50000  1.18453  4.30672  )
       14   O         15.9990   tau( 14) = (  0.50000  2.03164  4.30672  )
       15   O         15.9990   tau( 15) = ( -0.00000  1.60809  5.83051  )
       16   O         15.9990   tau( 16) = (  0.00000  1.60809  4.98217  )
       17   O         15.9990   tau( 17) = (  0.50000  0.12375  5.43601  )
       18   O         15.9990   tau( 18) = (  0.50000  0.94830  5.43601  )

     Atom which will be perturbed:

        1   Cr        51.9960   tau( 1) = (  0.00000  0.53603  3.21617  )

     =====================================================================

                          PERTURBED ATOM #    1

     site n.  atom      mass           positions (alat units)
        1   Cr        51.9960   tau( 1) = (  0.00000  0.53603  3.21617  )

     =====================================================================

     The perturbed atom has a type which is not unique!
     Changing the type of the perturbed atom and recomputing the symmetries...
     The number of symmetries is the same as in PWscf :
     nsym =  4  nsym_PWscf =  4
     Changing the type of the perturbed atom back to its original type...


     The grid of q-points ( 3, 2, 1)  (  4 q-points ) :
       N       xq(1)         xq(2)         xq(3)       wq
       1   0.000000000   0.000000000   0.000000000   0.166666667
       2   0.000000000  -0.233196491   0.000000000   0.166666667
       3   0.333333333   0.000000000   0.000000000   0.333333333
       4   0.333333333  -0.233196491   0.000000000   0.333333333


     =-------------------------------------------------------------=

     Calculation for q #   3 = (   0.3333333   0.0000000   0.0000000 )

     =-------------------------------------------------------------=

     Performing NSCF calculation at all points k and k+q...
     Subspace diagonalization in iterative solution of the eigenvalue problem:
     a serial algorithm will be used


     Parallelization info
     --------------------
     sticks:   dense  smooth     PW     G-vecs:    dense   smooth      PW
     Min        1107     551    169               280417    99137   16675
     Max        1108     551    170               280424    99145   16684
     Sum        3323    1653    509               841263   297421   50041

     Using Slab Decomposition



     bravais-lattice index     =            0
     lattice parameter (alat)  =       5.5104  a.u.
     unit-cell volume          =    3076.9124 (a.u.)^3
     number of atoms/cell      =           18
     number of atomic types    =            2
     number of electrons       =       156.00
     number of Kohn-Sham states=           94
     kinetic-energy cutoff     =      80.0000  Ry
     charge density cutoff     =     640.0000  Ry
     Exchange-correlation= PBE
                           (   1   4   3   4   0   0   0)
     Hubbard projectors: atomic
     Hubbard parameters of DFT+U (Dudarev formulation) in eV:
     U(Cr-3d) =  0.0000

     Internal variables: lda_plus_u =T, lda_plus_u_kind = 0

     Internal variables: orbital_resolved =F, hub_pot_fix =F, apply_U = F

     celldm(1)=   5.510441  celldm(2)=   0.000000  celldm(3)=   0.000000
     celldm(4)=   0.000000  celldm(5)=   0.000000  celldm(6)=   0.000000

     crystal axes: (cart. coord. in units of alat)
               a(1) = (   1.000000   0.000000   0.000000 )  
               a(2) = (   0.000000   2.144115   0.000000 )  
               a(3) = (   0.000000   0.000000   8.576458 )  

     reciprocal axes: (cart. coord. in units 2 pi/alat)
               b(1) = (  1.000000  0.000000  0.000000 )  
               b(2) = (  0.000000  0.466393  0.000000 )  
               b(3) = (  0.000000  0.000000  0.116598 )  


     PseudoPot. # 1 for Cr read from file:
     /usr/share/espresso/pseudo/cr_pbe_v1.5.uspp.F.UPF
     MD5 check sum: 0d52af634a40206e4dee301ad30da4bf
     Pseudo is Ultrasoft + core correction, Zval = 14.0
     Generated by new atomic code, or converted to UPF format
     Using radial grid of  857 points,  6 beta functions with: 
                l(1) =   0
                l(2) =   0
                l(3) =   1
                l(4) =   1
                l(5) =   2
                l(6) =   2
     Q(r) pseudized with  8 coefficients,  rinner =    0.950   0.950   0.950
                                                       0.950   0.950

     PseudoPot. # 2 for O  read from file:
     /usr/share/espresso/pseudo/O.pbe-n-kjpaw_psl.0.1.UPF
     MD5 check sum: 0234752ac141de4415c5fc33072bef88
     Pseudo is Projector augmented-wave + core cor, Zval =  6.0
     Generated using "atomic" code by A. Dal Corso  v.5.0.99 svn rev. 10869
     Shape of augmentation charge: BESSEL
     Using radial grid of 1095 points,  4 beta functions with: 
                l(1) =   0
                l(2) =   0
                l(3) =   1
                l(4) =   1
     Q(r) pseudized with 0 coefficients 


     atomic species   valence    mass     pseudopotential
     Cr               14.00    51.99600     Cr( 1.00)
     O                 6.00    15.99900     O ( 1.00)

     Starting magnetic structure 
     atomic species   magnetization
     Cr              0.600
     O               0.000

      4 Sym. Ops. (no inversion) found ( 2 have fractional translation)



   Cartesian axes

     site n.     atom                  positions (alat units)
         1        Cr     tau(   1) = (   0.0000000   0.5360286   3.2161719  )
         2        Cr     tau(   2) = (   0.5000000   1.6080859   3.2161719  )
         3        Cr     tau(   3) = (  -0.0000000   1.6080860   4.3164302  )
         4        Cr     tau(   4) = (   0.5000000   0.5360287   4.2912559  )
         5        Cr     tau(   5) = (  -0.0000000   0.5360286   5.3515872  )
         6        Cr     tau(   6) = (   0.5000000   1.6080859   5.4465244  )
         7        O      tau(   7) = (   0.0000000   1.6080859   3.6342742  )
         8        O      tau(   8) = (   0.0000000   1.6080859   2.7980695  )
         9        O      tau(   9) = (   0.5000000   0.1179263   3.2161719  )
        10        O      tau(  10) = (   0.5000000   0.9541310   3.2161719  )
        11        O      tau(  11) = (  -0.0000000   0.5360286   4.7268135  )
        12        O      tau(  12) = (   0.0000000   0.5360286   3.8701268  )
        13        O      tau(  13) = (   0.5000000   1.1845330   4.3067243  )
        14        O      tau(  14) = (   0.5000000   2.0316389   4.3067243  )
        15        O      tau(  15) = (  -0.0000000   1.6080860   5.8305080  )
        16        O      tau(  16) = (   0.0000000   1.6080859   4.9821698  )
        17        O      tau(  17) = (   0.5000000   0.1237541   5.4360147  )
        18        O      tau(  18) = (   0.5000000   0.9483032   5.4360146  )

     number of k points=    54  Marzari-Vanderbilt smearing, width (Ry)=  0.0100
                       cart. coord. in units 2pi/alat
        k(    1) = (   0.0000000   0.0000000   0.0000000), wk =   0.0277778
        k(    2) = (   0.3333333   0.0000000   0.0000000), wk =   0.0000000
        k(    3) = (   0.0000000   0.1165982   0.0000000), wk =   0.0555556
        k(    4) = (   0.3333333   0.1165982   0.0000000), wk =   0.0000000
        k(    5) = (   0.0000000  -0.2331965   0.0000000), wk =   0.0277778
        k(    6) = (   0.3333333  -0.2331965   0.0000000), wk =   0.0000000
        k(    7) = (   0.1111111   0.0000000   0.0000000), wk =   0.0277778
        k(    8) = (   0.4444444   0.0000000   0.0000000), wk =   0.0000000
        k(    9) = (   0.1111111   0.1165982   0.0000000), wk =   0.0555556
        k(   10) = (   0.4444444   0.1165982   0.0000000), wk =   0.0000000
        k(   11) = (   0.1111111  -0.2331965   0.0000000), wk =   0.0277778
        k(   12) = (   0.4444444  -0.2331965   0.0000000), wk =   0.0000000
        k(   13) = (   0.2222222   0.0000000   0.0000000), wk =   0.0277778
        k(   14) = (   0.5555556   0.0000000   0.0000000), wk =   0.0000000
        k(   15) = (   0.2222222   0.1165982   0.0000000), wk =   0.0555556
        k(   16) = (   0.5555556   0.1165982   0.0000000), wk =   0.0000000
        k(   17) = (   0.2222222  -0.2331965   0.0000000), wk =   0.0277778
        k(   18) = (   0.5555556  -0.2331965   0.0000000), wk =   0.0000000
        k(   19) = (   0.3333333   0.0000000   0.0000000), wk =   0.0277778
        k(   20) = (   0.6666667   0.0000000   0.0000000), wk =   0.0000000
        k(   21) = (   0.3333333   0.1165982   0.0000000), wk =   0.0555556
        k(   22) = (   0.6666667   0.1165982   0.0000000), wk =   0.0000000
        k(   23) = (   0.3333333  -0.2331965   0.0000000), wk =   0.0277778
        k(   24) = (   0.6666667  -0.2331965   0.0000000), wk =   0.0000000
        k(   25) = (   0.4444444   0.0000000   0.0000000), wk =   0.0277778
        k(   26) = (   0.7777778   0.0000000   0.0000000), wk =   0.0000000
        k(   27) = (   0.4444444   0.1165982   0.0000000), wk =   0.0555556
        k(   28) = (   0.7777778   0.1165982   0.0000000), wk =   0.0000000
        k(   29) = (   0.4444444  -0.2331965   0.0000000), wk =   0.0277778
        k(   30) = (   0.7777778  -0.2331965   0.0000000), wk =   0.0000000
        k(   31) = (  -0.1111111   0.0000000   0.0000000), wk =   0.0277778
        k(   32) = (   0.2222222   0.0000000   0.0000000), wk =   0.0000000
        k(   33) = (  -0.1111111  -0.1165982   0.0000000), wk =   0.0555556
        k(   34) = (   0.2222222  -0.1165982   0.0000000), wk =   0.0000000
        k(   35) = (  -0.1111111   0.2331965   0.0000000), wk =   0.0277778
        k(   36) = (   0.2222222   0.2331965   0.0000000), wk =   0.0000000
        k(   37) = (  -0.2222222   0.0000000   0.0000000), wk =   0.0277778
        k(   38) = (   0.1111111   0.0000000   0.0000000), wk =   0.0000000
        k(   39) = (  -0.2222222  -0.1165982   0.0000000), wk =   0.0555556
        k(   40) = (   0.1111111  -0.1165982   0.0000000), wk =   0.0000000
        k(   41) = (  -0.2222222   0.2331965   0.0000000), wk =   0.0277778
        k(   42) = (   0.1111111   0.2331965   0.0000000), wk =   0.0000000
        k(   43) = (  -0.3333333   0.0000000   0.0000000), wk =   0.0277778
        k(   44) = (   0.0000000   0.0000000   0.0000000), wk =   0.0000000
        k(   45) = (  -0.3333333  -0.1165982   0.0000000), wk =   0.0555556
        k(   46) = (   0.0000000  -0.1165982   0.0000000), wk =   0.0000000
        k(   47) = (  -0.3333333   0.2331965   0.0000000), wk =   0.0277778
        k(   48) = (   0.0000000   0.2331965   0.0000000), wk =   0.0000000
        k(   49) = (  -0.4444444   0.0000000   0.0000000), wk =   0.0277778
        k(   50) = (  -0.1111111   0.0000000   0.0000000), wk =   0.0000000
        k(   51) = (  -0.4444444  -0.1165982   0.0000000), wk =   0.0555556
        k(   52) = (  -0.1111111  -0.1165982   0.0000000), wk =   0.0000000
        k(   53) = (  -0.4444444   0.2331965   0.0000000), wk =   0.0277778
        k(   54) = (  -0.1111111   0.2331965   0.0000000), wk =   0.0000000

     Dense  grid:   841263 G-vectors     FFT dimensions: (  45,  96, 384)

     Smooth grid:   297421 G-vectors     FFT dimensions: (  32,  72, 270)

     Estimated max dynamical RAM per process >     401.60 MB

     Estimated total dynamical RAM >       7.06 GB

     Check: negative core charge=   -0.000001

     The potential is recalculated from file :
     ./tmp_crslab_sym/HP/crslab_sym.save/charge-density


     negative rho (up, down):  2.422E-03 2.008E-02

     STARTING HUBBARD OCCUPATIONS:

     =================== HUBBARD OCCUPATIONS ===================
     ------------------------ ATOM    1 ------------------------
     Tr[ns(  1)] (up, down, total) =   3.59207  1.17400  4.76607
     Atomic magnetic moment for atom   1 =   2.41807
     SPIN  1
     eigenvalues:
       0.489  0.508  0.786  0.846  0.963
     eigenvectors (columns):
      -0.000  1.000 -0.000  0.000 -0.028
      -0.000  0.000  0.000 -1.000 -0.000
      -0.000  0.000  1.000  0.000 -0.000
       0.000 -0.028 -0.000  0.000 -1.000
       1.000  0.000  0.000 -0.000  0.000
     occupation matrix ns (before diag.):
       0.508 -0.000 -0.000  0.013  0.000
      -0.000  0.846 -0.000  0.000  0.000
      -0.000 -0.000  0.786  0.000  0.000
       0.013  0.000  0.000  0.963 -0.000
       0.000  0.000  0.000 -0.000  0.489
     SPIN  2
     eigenvalues:
       0.141  0.165  0.174  0.294  0.400
     eigenvectors (columns):
       0.093 -0.000 -0.000 -0.996  0.000
      -0.000 -0.000 -1.000  0.000  0.000
      -0.000 -1.000  0.000  0.000  0.000
       0.996 -0.000 -0.000  0.093 -0.000
       0.000  0.000  0.000  0.000  1.000
     occupation matrix ns (before diag.):
       0.293 -0.000 -0.000 -0.014  0.000
      -0.000  0.174 -0.000  0.000  0.000
      -0.000 -0.000  0.165  0.000  0.000
      -0.014  0.000  0.000  0.143 -0.000
       0.000  0.000  0.000 -0.000  0.400
     ------------------------ ATOM    2 ------------------------
     Tr[ns(  2)] (up, down, total) =   3.31388  1.53116  4.84503
     Atomic magnetic moment for atom   2 =   1.78272
     SPIN  1
     eigenvalues:
       0.535  0.541  0.655  0.742  0.841
     eigenvectors (columns):
      -0.000  0.446 -0.000  0.000 -0.895
       1.000  0.000  0.000 -0.000  0.000
       0.000 -0.000 -1.000 -0.000  0.000
      -0.000  0.895  0.000 -0.000  0.446
      -0.000  0.000  0.000 -1.000 -0.000
     occupation matrix ns (before diag.):
       0.781 -0.000 -0.000 -0.120  0.000
      -0.000  0.535 -0.000  0.000  0.000
      -0.000 -0.000  0.655  0.000  0.000
      -0.120  0.000  0.000  0.601 -0.000
       0.000  0.000  0.000 -0.000  0.742
     SPIN  2
     eigenvalues:
       0.200  0.226  0.232  0.420  0.454
     eigenvectors (columns):
       0.909 -0.000  0.000  0.416  0.000
       0.000  0.000 -0.000 -0.000  1.000
       0.000  1.000  0.000  0.000 -0.000
      -0.416  0.000 -0.000  0.909  0.000
      -0.000 -0.000  1.000 -0.000  0.000
     occupation matrix ns (before diag.):
       0.238 -0.000 -0.000  0.083  0.000
      -0.000  0.454 -0.000  0.000  0.000
      -0.000 -0.000  0.226  0.000  0.000
       0.083  0.000  0.000  0.382 -0.000
       0.000  0.000  0.000 -0.000  0.232
     ------------------------ ATOM    3 ------------------------
     Tr[ns(  3)] (up, down, total) =   3.46993  1.31825  4.78817
     Atomic magnetic moment for atom   3 =   2.15168
     SPIN  1
     eigenvalues:
       0.490  0.513  0.721  0.775  0.972
     eigenvectors (columns):
      -0.000  1.000 -0.000  0.000 -0.028
      -0.000  0.000  0.000 -1.000 -0.000
      -0.000  0.000  1.000  0.000 -0.000
       0.000 -0.028 -0.000  0.000 -1.000
       1.000  0.000  0.000 -0.000  0.000
     occupation matrix ns (before diag.):
       0.514 -0.000 -0.000  0.013  0.000
      -0.000  0.775 -0.000  0.000  0.000
      -0.000 -0.000  0.721  0.000  0.000
       0.013  0.000  0.000  0.971 -0.000
       0.000  0.000  0.000 -0.000  0.490
     SPIN  2
     eigenvalues:
       0.142  0.190  0.195  0.390  0.401
     eigenvectors (columns):
       0.054 -0.000 -0.000 -0.999  0.000
      -0.000 -1.000  0.000  0.000  0.000
      -0.000 -0.000 -1.000  0.000  0.000
       0.999 -0.000 -0.000  0.054 -0.000
       0.000  0.000  0.000  0.000  1.000
     occupation matrix ns (before diag.):
       0.390 -0.000 -0.000 -0.013  0.000
      -0.000  0.190 -0.000  0.000  0.000
      -0.000 -0.000  0.195  0.000  0.000
      -0.013  0.000  0.000  0.142 -0.000
       0.000  0.000  0.000 -0.000  0.401
     ------------------------ ATOM    4 ------------------------
     Tr[ns(  4)] (up, down, total) =   3.50514  1.31369  4.81883
     Atomic magnetic moment for atom   4 =   2.19145
     SPIN  1
     eigenvalues:
       0.492  0.521  0.731  0.821  0.940
     eigenvectors (columns):
      -0.000  0.495 -0.000  0.000 -0.869
       1.000  0.000  0.000 -0.000  0.000
       0.000 -0.000 -1.000 -0.000  0.000
      -0.000  0.869  0.000 -0.000  0.495
      -0.000  0.000  0.000 -1.000 -0.000
     occupation matrix ns (before diag.):
       0.837 -0.000 -0.000 -0.180  0.000
      -0.000  0.492 -0.000  0.000  0.000
      -0.000 -0.000  0.731  0.000  0.000
      -0.180  0.000  0.000  0.624 -0.000
       0.000  0.000  0.000 -0.000  0.821
     SPIN  2
     eigenvalues:
       0.131  0.190  0.210  0.384  0.400
     eigenvectors (columns):
      -0.885  0.000 -0.000  0.000 -0.465
      -0.000 -0.000  0.000 -1.000 -0.000
      -0.000 -0.000  1.000  0.000 -0.000
       0.465 -0.000  0.000  0.000 -0.885
       0.000  1.000  0.000 -0.000  0.000
     occupation matrix ns (before diag.):
       0.189 -0.000 -0.000  0.111  0.000
      -0.000  0.384 -0.000  0.000  0.000
      -0.000 -0.000  0.210  0.000  0.000
       0.111  0.000  0.000  0.341 -0.000
       0.000  0.000  0.000 -0.000  0.190
     ------------------------ ATOM    5 ------------------------
     Tr[ns(  5)] (up, down, total) =   3.51741  1.26389  4.78130
     Atomic magnetic moment for atom   5 =   2.25352
     SPIN  1
     eigenvalues:
       0.492  0.495  0.748  0.833  0.950
     eigenvectors (columns):
      -0.000  0.998 -0.000  0.000 -0.064
      -0.000  0.000  0.000 -1.000 -0.000
      -0.000  0.000  1.000  0.000 -0.000
       0.000 -0.064 -0.000  0.000 -0.998
       1.000  0.000  0.000 -0.000  0.000
     occupation matrix ns (before diag.):
       0.497 -0.000 -0.000  0.029  0.000
      -0.000  0.833 -0.000  0.000  0.000
      -0.000 -0.000  0.748  0.000  0.000
       0.029  0.000  0.000  0.948 -0.000
       0.000  0.000  0.000 -0.000  0.492
     SPIN  2
     eigenvalues:
       0.138  0.197  0.207  0.321  0.400
     eigenvectors (columns):
      -0.116  0.000 -0.000 -0.993  0.000
       0.000  1.000  0.000  0.000  0.000
       0.000  0.000 -1.000  0.000  0.000
      -0.993  0.000 -0.000  0.116 -0.000
      -0.000 -0.000  0.000  0.000  1.000
     occupation matrix ns (before diag.):
       0.319 -0.000 -0.000 -0.021  0.000
      -0.000  0.197 -0.000  0.000  0.000
      -0.000 -0.000  0.207  0.000  0.000
      -0.021  0.000  0.000  0.141 -0.000
       0.000  0.000  0.000 -0.000  0.400
     ------------------------ ATOM    6 ------------------------
     Tr[ns(  6)] (up, down, total) =   3.33766  1.49830  4.83595
     Atomic magnetic moment for atom   6 =   1.83936
     SPIN  1
     eigenvalues:
       0.526  0.538  0.706  0.767  0.800
     eigenvectors (columns):
      -0.000 -0.434  0.000  0.000 -0.901
       1.000 -0.000 -0.000 -0.000  0.000
       0.000  0.000  1.000 -0.000  0.000
      -0.000 -0.901 -0.000 -0.000  0.434
      -0.000 -0.000 -0.000 -1.000 -0.000
     occupation matrix ns (before diag.):
       0.751 -0.000 -0.000 -0.103  0.000
      -0.000  0.526 -0.000  0.000  0.000
      -0.000 -0.000  0.706  0.000  0.000
      -0.103  0.000  0.000  0.587 -0.000
       0.000  0.000  0.000 -0.000  0.767
     SPIN  2
     eigenvalues:
       0.214  0.214  0.224  0.410  0.437
     eigenvectors (columns):
      -0.000 -0.922 -0.000  0.388 -0.000
      -0.000 -0.000  0.000 -0.000 -1.000
      -1.000  0.000 -0.000  0.000  0.000
       0.000  0.388  0.000  0.922 -0.000
       0.000  0.000 -1.000 -0.000 -0.000
     occupation matrix ns (before diag.):
       0.244 -0.000 -0.000  0.070  0.000
      -0.000  0.437 -0.000  0.000  0.000
      -0.000 -0.000  0.214  0.000  0.000
       0.070  0.000  0.000  0.380 -0.000
       0.000  0.000  0.000 -0.000  0.224

     Number of occupied Hubbard levels =   28.8354

     Atomic wfc used for Hubbard projectors are NOT orthogonalized

     Starting wfcs are  108 atomic wfcs
     Checking if some PAW data can be deallocated... 

     Band Structure Calculation
     Davidson diagonalization with overlap

     ethr =  1.00E-11,  avg # of iterations = 23.8

     total cpu time spent up to now is       -1.0 secs

     End of band structure calculation

     Number of k-points >= 100: set verbosity='high' to print the bands.

     the Fermi energy is     0.3590 ev
     (compare with:     0.3590 eV, computed in scf)

     Writing all to output data dir ./tmp_crslab_sym/HP/crslab_sym.save/ :
     XML data file, pseudopotentials, collected wavefunctions
     Done!

                   WRITING LINEAR-RESPONSE SUMMARY:




     Number of symmetries in the small group of q, nsymq =  2

     Symmetry matrices (and vectors of fractional translations if f/=0):

     isym =  1     identity                                     

     cryst.   s( 1) = (     1          0          0      )
                      (     0          1          0      )
                      (     0          0          1      )

     cart.    s( 1) = (  1.0000000  0.0000000  0.0000000 )
                      (  0.0000000  1.0000000  0.0000000 )
                      (  0.0000000  0.0000000  1.0000000 )


     isym =  2     inv. 180 deg rotation - cart. axis [0,1,0]   

     cryst.   s( 2) = (     1          0          0      )    f =(  0.0000000 )
                      (     0         -1          0      )       ( -0.5000000 )
                      (     0          0          1      )       (  0.0000000 )

     cart.    s( 2) = (  1.0000000  0.0000000  0.0000000 )    f =(  0.0000000 )
                      (  0.0000000 -1.0000000  0.0000000 )       ( -1.0720573 )
                      (  0.0000000  0.0000000  1.0000000 )       (  0.0000000 )


     G cutoff =  492.2583  ( 280422 G-vectors)     FFT grid: ( 45, 96,384)
     G cutoff =  246.1291  (  99139 G-vectors)  smooth grid: ( 32, 72,270)

     Number of k (and k+q if q/=0) points =   108  Marzari-Vanderbilt smearing, width (Ry) =  0.0100

                       cart. coord. (in units 2pi/alat)
        k (    1) = (   0.0000000   0.0000000   0.0000000), wk = 0.0277778
        k (    2) = (   0.3333333   0.0000000   0.0000000), wk = 0.0000000
        k (    3) = (   0.0000000   0.1165982   0.0000000), wk = 0.0555556
        k (    4) = (   0.3333333   0.1165982   0.0000000), wk = 0.0000000
        k (    5) = (   0.0000000  -0.2331965   0.0000000), wk = 0.0277778
        k (    6) = (   0.3333333  -0.2331965   0.0000000), wk = 0.0000000
        k (    7) = (   0.1111111   0.0000000   0.0000000), wk = 0.0277778
        k (    8) = (   0.4444444   0.0000000   0.0000000), wk = 0.0000000
        k (    9) = (   0.1111111   0.1165982   0.0000000), wk = 0.0555556
        k (   10) = (   0.4444444   0.1165982   0.0000000), wk = 0.0000000
        k (   11) = (   0.1111111  -0.2331965   0.0000000), wk = 0.0277778
        k (   12) = (   0.4444444  -0.2331965   0.0000000), wk = 0.0000000
        k (   13) = (   0.2222222   0.0000000   0.0000000), wk = 0.0277778
        k (   14) = (   0.5555556   0.0000000   0.0000000), wk = 0.0000000
        k (   15) = (   0.2222222   0.1165982   0.0000000), wk = 0.0555556
        k (   16) = (   0.5555556   0.1165982   0.0000000), wk = 0.0000000
        k (   17) = (   0.2222222  -0.2331965   0.0000000), wk = 0.0277778
        k (   18) = (   0.5555556  -0.2331965   0.0000000), wk = 0.0000000
        k (   19) = (   0.3333333   0.0000000   0.0000000), wk = 0.0277778
        k (   20) = (   0.6666667   0.0000000   0.0000000), wk = 0.0000000
        k (   21) = (   0.3333333   0.1165982   0.0000000), wk = 0.0555556
        k (   22) = (   0.6666667   0.1165982   0.0000000), wk = 0.0000000
        k (   23) = (   0.3333333  -0.2331965   0.0000000), wk = 0.0277778
        k (   24) = (   0.6666667  -0.2331965   0.0000000), wk = 0.0000000
        k (   25) = (   0.4444444   0.0000000   0.0000000), wk = 0.0277778
        k (   26) = (   0.7777778   0.0000000   0.0000000), wk = 0.0000000
        k (   27) = (   0.4444444   0.1165982   0.0000000), wk = 0.0555556
        k (   28) = (   0.7777778   0.1165982   0.0000000), wk = 0.0000000
        k (   29) = (   0.4444444  -0.2331965   0.0000000), wk = 0.0277778
        k (   30) = (   0.7777778  -0.2331965   0.0000000), wk = 0.0000000
        k (   31) = (  -0.1111111   0.0000000   0.0000000), wk = 0.0277778
        k (   32) = (   0.2222222   0.0000000   0.0000000), wk = 0.0000000
        k (   33) = (  -0.1111111  -0.1165982   0.0000000), wk = 0.0555556
        k (   34) = (   0.2222222  -0.1165982   0.0000000), wk = 0.0000000
        k (   35) = (  -0.1111111   0.2331965   0.0000000), wk = 0.0277778
        k (   36) = (   0.2222222   0.2331965   0.0000000), wk = 0.0000000
        k (   37) = (  -0.2222222   0.0000000   0.0000000), wk = 0.0277778
        k (   38) = (   0.1111111   0.0000000   0.0000000), wk = 0.0000000
        k (   39) = (  -0.2222222  -0.1165982   0.0000000), wk = 0.0555556
        k (   40) = (   0.1111111  -0.1165982   0.0000000), wk = 0.0000000
        k (   41) = (  -0.2222222   0.2331965   0.0000000), wk = 0.0277778
        k (   42) = (   0.1111111   0.2331965   0.0000000), wk = 0.0000000
        k (   43) = (  -0.3333333   0.0000000   0.0000000), wk = 0.0277778
        k (   44) = (   0.0000000   0.0000000   0.0000000), wk = 0.0000000
        k (   45) = (  -0.3333333  -0.1165982   0.0000000), wk = 0.0555556
        k (   46) = (   0.0000000  -0.1165982   0.0000000), wk = 0.0000000
        k (   47) = (  -0.3333333   0.2331965   0.0000000), wk = 0.0277778
        k (   48) = (   0.0000000   0.2331965   0.0000000), wk = 0.0000000
        k (   49) = (  -0.4444444   0.0000000   0.0000000), wk = 0.0277778
        k (   50) = (  -0.1111111   0.0000000   0.0000000), wk = 0.0000000
        k (   51) = (  -0.4444444  -0.1165982   0.0000000), wk = 0.0555556
        k (   52) = (  -0.1111111  -0.1165982   0.0000000), wk = 0.0000000
        k (   53) = (  -0.4444444   0.2331965   0.0000000), wk = 0.0277778
        k (   54) = (  -0.1111111   0.2331965   0.0000000), wk = 0.0000000
        k (   55) = (   0.0000000   0.0000000   0.0000000), wk = 0.0277778
        k (   56) = (   0.3333333   0.0000000   0.0000000), wk = 0.0000000
        k (   57) = (   0.0000000   0.1165982   0.0000000), wk = 0.0555556
        k (   58) = (   0.3333333   0.1165982   0.0000000), wk = 0.0000000
        k (   59) = (   0.0000000  -0.2331965   0.0000000), wk = 0.0277778
        k (   60) = (   0.3333333  -0.2331965   0.0000000), wk = 0.0000000
        k (   61) = (   0.1111111   0.0000000   0.0000000), wk = 0.0277778
        k (   62) = (   0.4444444   0.0000000   0.0000000), wk = 0.0000000
        k (   63) = (   0.1111111   0.1165982   0.0000000), wk = 0.0555556
        k (   64) = (   0.4444444   0.1165982   0.0000000), wk = 0.0000000
        k (   65) = (   0.1111111  -0.2331965   0.0000000), wk = 0.0277778
        k (   66) = (   0.4444444  -0.2331965   0.0000000), wk = 0.0000000
        k (   67) = (   0.2222222   0.0000000   0.0000000), wk = 0.0277778
        k (   68) = (   0.5555556   0.0000000   0.0000000), wk = 0.0000000
        k (   69) = (   0.2222222   0.1165982   0.0000000), wk = 0.0555556
        k (   70) = (   0.5555556   0.1165982   0.0000000), wk = 0.0000000
        k (   71) = (   0.2222222  -0.2331965   0.0000000), wk = 0.0277778
        k (   72) = (   0.5555556  -0.2331965   0.0000000), wk = 0.0000000
        k (   73) = (   0.3333333   0.0000000   0.0000000), wk = 0.0277778
        k (   74) = (   0.6666667   0.0000000   0.0000000), wk = 0.0000000
        k (   75) = (   0.3333333   0.1165982   0.0000000), wk = 0.0555556
        k (   76) = (   0.6666667   0.1165982   0.0000000), wk = 0.0000000
        k (   77) = (   0.3333333  -0.2331965   0.0000000), wk = 0.0277778
        k (   78) = (   0.6666667  -0.2331965   0.0000000), wk = 0.0000000
        k (   79) = (   0.4444444   0.0000000   0.0000000), wk = 0.0277778
        k (   80) = (   0.7777778   0.0000000   0.0000000), wk = 0.0000000
        k (   81) = (   0.4444444   0.1165982   0.0000000), wk = 0.0555556
        k (   82) = (   0.7777778   0.1165982   0.0000000), wk = 0.0000000
        k (   83) = (   0.4444444  -0.2331965   0.0000000), wk = 0.0277778
        k (   84) = (   0.7777778  -0.2331965   0.0000000), wk = 0.0000000
        k (   85) = (  -0.1111111   0.0000000   0.0000000), wk = 0.0277778
        k (   86) = (   0.2222222   0.0000000   0.0000000), wk = 0.0000000
        k (   87) = (  -0.1111111  -0.1165982   0.0000000), wk = 0.0555556
        k (   88) = (   0.2222222  -0.1165982   0.0000000), wk = 0.0000000
        k (   89) = (  -0.1111111   0.2331965   0.0000000), wk = 0.0277778
        k (   90) = (   0.2222222   0.2331965   0.0000000), wk = 0.0000000
        k (   91) = (  -0.2222222   0.0000000   0.0000000), wk = 0.0277778
        k (   92) = (   0.1111111   0.0000000   0.0000000), wk = 0.0000000
        k (   93) = (  -0.2222222  -0.1165982   0.0000000), wk = 0.0555556
        k (   94) = (   0.1111111  -0.1165982   0.0000000), wk = 0.0000000
        k (   95) = (  -0.2222222   0.2331965   0.0000000), wk = 0.0277778
        k (   96) = (   0.1111111   0.2331965   0.0000000), wk = 0.0000000
        k (   97) = (  -0.3333333   0.0000000   0.0000000), wk = 0.0277778
        k (   98) = (   0.0000000   0.0000000   0.0000000), wk = 0.0000000
        k (   99) = (  -0.3333333  -0.1165982   0.0000000), wk = 0.0555556
        k (  100) = (   0.0000000  -0.1165982   0.0000000), wk = 0.0000000
        k (  101) = (  -0.3333333   0.2331965   0.0000000), wk = 0.0277778
        k (  102) = (   0.0000000   0.2331965   0.0000000), wk = 0.0000000
        k (  103) = (  -0.4444444   0.0000000   0.0000000), wk = 0.0277778
        k (  104) = (  -0.1111111   0.0000000   0.0000000), wk = 0.0000000
        k (  105) = (  -0.4444444  -0.1165982   0.0000000), wk = 0.0555556
        k (  106) = (  -0.1111111  -0.1165982   0.0000000), wk = 0.0000000
        k (  107) = (  -0.4444444   0.2331965   0.0000000), wk = 0.0277778
        k (  108) = (  -0.1111111   0.2331965   0.0000000), wk = 0.0000000

                       cryst. coord.
        k (    1) = (   0.0000000   0.0000000   0.0000000), wk = 0.0277778
        k (    2) = (   0.3333333   0.0000000   0.0000000), wk = 0.0000000
        k (    3) = (   0.0000000   0.2500000   0.0000000), wk = 0.0555556
        k (    4) = (   0.3333333   0.2500000   0.0000000), wk = 0.0000000
        k (    5) = (   0.0000000  -0.5000000   0.0000000), wk = 0.0277778
        k (    6) = (   0.3333333  -0.5000000   0.0000000), wk = 0.0000000
        k (    7) = (   0.1111111   0.0000000   0.0000000), wk = 0.0277778
        k (    8) = (   0.4444444   0.0000000   0.0000000), wk = 0.0000000
        k (    9) = (   0.1111111   0.2500000   0.0000000), wk = 0.0555556
        k (   10) = (   0.4444444   0.2500000   0.0000000), wk = 0.0000000
        k (   11) = (   0.1111111  -0.5000000   0.0000000), wk = 0.0277778
        k (   12) = (   0.4444444  -0.5000000   0.0000000), wk = 0.0000000
        k (   13) = (   0.2222222   0.0000000   0.0000000), wk = 0.0277778
        k (   14) = (   0.5555556   0.0000000   0.0000000), wk = 0.0000000
        k (   15) = (   0.2222222   0.2500000   0.0000000), wk = 0.0555556
        k (   16) = (   0.5555556   0.2500000   0.0000000), wk = 0.0000000
        k (   17) = (   0.2222222  -0.5000000   0.0000000), wk = 0.0277778
        k (   18) = (   0.5555556  -0.5000000   0.0000000), wk = 0.0000000
        k (   19) = (   0.3333333   0.0000000   0.0000000), wk = 0.0277778
        k (   20) = (   0.6666667   0.0000000   0.0000000), wk = 0.0000000
        k (   21) = (   0.3333333   0.2500000   0.0000000), wk = 0.0555556
        k (   22) = (   0.6666667   0.2500000   0.0000000), wk = 0.0000000
        k (   23) = (   0.3333333  -0.5000000   0.0000000), wk = 0.0277778
        k (   24) = (   0.6666667  -0.5000000   0.0000000), wk = 0.0000000
        k (   25) = (   0.4444444   0.0000000   0.0000000), wk = 0.0277778
        k (   26) = (   0.7777778   0.0000000   0.0000000), wk = 0.0000000
        k (   27) = (   0.4444444   0.2500000   0.0000000), wk = 0.0555556
        k (   28) = (   0.7777778   0.2500000   0.0000000), wk = 0.0000000
        k (   29) = (   0.4444444  -0.5000000   0.0000000), wk = 0.0277778
        k (   30) = (   0.7777778  -0.5000000   0.0000000), wk = 0.0000000
        k (   31) = (  -0.1111111   0.0000000   0.0000000), wk = 0.0277778
        k (   32) = (   0.2222222   0.0000000   0.0000000), wk = 0.0000000
        k (   33) = (  -0.1111111  -0.2500000   0.0000000), wk = 0.0555556
        k (   34) = (   0.2222222  -0.2500000   0.0000000), wk = 0.0000000
        k (   35) = (  -0.1111111   0.5000000   0.0000000), wk = 0.0277778
        k (   36) = (   0.2222222   0.5000000   0.0000000), wk = 0.0000000
        k (   37) = (  -0.2222222   0.0000000   0.0000000), wk = 0.0277778
        k (   38) = (   0.1111111   0.0000000   0.0000000), wk = 0.0000000
        k (   39) = (  -0.2222222  -0.2500000   0.0000000), wk = 0.0555556
        k (   40) = (   0.1111111  -0.2500000   0.0000000), wk = 0.0000000
        k (   41) = (  -0.2222222   0.5000000   0.0000000), wk = 0.0277778
        k (   42) = (   0.1111111   0.5000000   0.0000000), wk = 0.0000000
        k (   43) = (  -0.3333333   0.0000000   0.0000000), wk = 0.0277778
        k (   44) = (   0.0000000   0.0000000   0.0000000), wk = 0.0000000
        k (   45) = (  -0.3333333  -0.2500000   0.0000000), wk = 0.0555556
        k (   46) = (   0.0000000  -0.2500000   0.0000000), wk = 0.0000000
        k (   47) = (  -0.3333333   0.5000000   0.0000000), wk = 0.0277778
        k (   48) = (   0.0000000   0.5000000   0.0000000), wk = 0.0000000
        k (   49) = (  -0.4444444   0.0000000   0.0000000), wk = 0.0277778
        k (   50) = (  -0.1111111   0.0000000   0.0000000), wk = 0.0000000
        k (   51) = (  -0.4444444  -0.2500000   0.0000000), wk = 0.0555556
        k (   52) = (  -0.1111111  -0.2500000   0.0000000), wk = 0.0000000
        k (   53) = (  -0.4444444   0.5000000   0.0000000), wk = 0.0277778
        k (   54) = (  -0.1111111   0.5000000   0.0000000), wk = 0.0000000
        k (   55) = (   0.0000000   0.0000000   0.0000000), wk = 0.0277778
        k (   56) = (   0.3333333   0.0000000   0.0000000), wk = 0.0000000
        k (   57) = (   0.0000000   0.2500000   0.0000000), wk = 0.0555556
        k (   58) = (   0.3333333   0.2500000   0.0000000), wk = 0.0000000
        k (   59) = (   0.0000000  -0.5000000   0.0000000), wk = 0.0277778
        k (   60) = (   0.3333333  -0.5000000   0.0000000), wk = 0.0000000
        k (   61) = (   0.1111111   0.0000000   0.0000000), wk = 0.0277778
        k (   62) = (   0.4444444   0.0000000   0.0000000), wk = 0.0000000
        k (   63) = (   0.1111111   0.2500000   0.0000000), wk = 0.0555556
        k (   64) = (   0.4444444   0.2500000   0.0000000), wk = 0.0000000
        k (   65) = (   0.1111111  -0.5000000   0.0000000), wk = 0.0277778
        k (   66) = (   0.4444444  -0.5000000   0.0000000), wk = 0.0000000
        k (   67) = (   0.2222222   0.0000000   0.0000000), wk = 0.0277778
        k (   68) = (   0.5555556   0.0000000   0.0000000), wk = 0.0000000
        k (   69) = (   0.2222222   0.2500000   0.0000000), wk = 0.0555556
        k (   70) = (   0.5555556   0.2500000   0.0000000), wk = 0.0000000
        k (   71) = (   0.2222222  -0.5000000   0.0000000), wk = 0.0277778
        k (   72) = (   0.5555556  -0.5000000   0.0000000), wk = 0.0000000
        k (   73) = (   0.3333333   0.0000000   0.0000000), wk = 0.0277778
        k (   74) = (   0.6666667   0.0000000   0.0000000), wk = 0.0000000
        k (   75) = (   0.3333333   0.2500000   0.0000000), wk = 0.0555556
        k (   76) = (   0.6666667   0.2500000   0.0000000), wk = 0.0000000
        k (   77) = (   0.3333333  -0.5000000   0.0000000), wk = 0.0277778
        k (   78) = (   0.6666667  -0.5000000   0.0000000), wk = 0.0000000
        k (   79) = (   0.4444444   0.0000000   0.0000000), wk = 0.0277778
        k (   80) = (   0.7777778   0.0000000   0.0000000), wk = 0.0000000
        k (   81) = (   0.4444444   0.2500000   0.0000000), wk = 0.0555556
        k (   82) = (   0.7777778   0.2500000   0.0000000), wk = 0.0000000
        k (   83) = (   0.4444444  -0.5000000   0.0000000), wk = 0.0277778
        k (   84) = (   0.7777778  -0.5000000   0.0000000), wk = 0.0000000
        k (   85) = (  -0.1111111   0.0000000   0.0000000), wk = 0.0277778
        k (   86) = (   0.2222222   0.0000000   0.0000000), wk = 0.0000000
        k (   87) = (  -0.1111111  -0.2500000   0.0000000), wk = 0.0555556
        k (   88) = (   0.2222222  -0.2500000   0.0000000), wk = 0.0000000
        k (   89) = (  -0.1111111   0.5000000   0.0000000), wk = 0.0277778
        k (   90) = (   0.2222222   0.5000000   0.0000000), wk = 0.0000000
        k (   91) = (  -0.2222222   0.0000000   0.0000000), wk = 0.0277778
        k (   92) = (   0.1111111   0.0000000   0.0000000), wk = 0.0000000
        k (   93) = (  -0.2222222  -0.2500000   0.0000000), wk = 0.0555556
        k (   94) = (   0.1111111  -0.2500000   0.0000000), wk = 0.0000000
        k (   95) = (  -0.2222222   0.5000000   0.0000000), wk = 0.0277778
        k (   96) = (   0.1111111   0.5000000   0.0000000), wk = 0.0000000
        k (   97) = (  -0.3333333   0.0000000   0.0000000), wk = 0.0277778
        k (   98) = (   0.0000000   0.0000000   0.0000000), wk = 0.0000000
        k (   99) = (  -0.3333333  -0.2500000   0.0000000), wk = 0.0555556
        k (  100) = (   0.0000000  -0.2500000   0.0000000), wk = 0.0000000
        k (  101) = (  -0.3333333   0.5000000   0.0000000), wk = 0.0277778
        k (  102) = (   0.0000000   0.5000000   0.0000000), wk = 0.0000000
        k (  103) = (  -0.4444444   0.0000000   0.0000000), wk = 0.0277778
        k (  104) = (  -0.1111111   0.0000000   0.0000000), wk = 0.0000000
        k (  105) = (  -0.4444444  -0.2500000   0.0000000), wk = 0.0555556
        k (  106) = (  -0.1111111  -0.2500000   0.0000000), wk = 0.0000000
        k (  107) = (  -0.4444444   0.5000000   0.0000000), wk = 0.0277778
        k (  108) = (  -0.1111111   0.5000000   0.0000000), wk = 0.0000000

     Atomic wfc used for the projector on the Hubbard manifold are NOT orthogonalized

     Total time spent up to now is:
     HP           :   5m44.55s CPU   5m56.38s WALL

      =--------------------------------------------=
                 SOLVE THE LINEAR SYSTEM
      =--------------------------------------------=

      atom #  1   q point #   3   iter #   1
      chi:   1  -0.9734914001
      chi:   2   0.0156271320
      chi:   3   0.0123641708
      chi:   4   0.0089698601
      chi:   5   0.0031522698
      chi:   6  -0.0046241791
      Average number of iter. to solve lin. system:   50.8
      Total CPU time :   960.9 s

      atom #  1   q point #   3   iter #   2
      chi:   1   3.7422539529   residue:    4.7157453530
      chi:   2   0.1145012878   residue:    0.0988741559
      chi:   3  -0.0055833469   residue:    0.0179475177
      chi:   4   0.0098332490   residue:    0.0008633889
      chi:   5  -0.0041929486   residue:    0.0073452184
      chi:   6   0.0649308874   residue:    0.0695550665
      Average number of iter. to solve lin. system:   20.2
      Total CPU time :  1239.5 s

      atom #  1   q point #   3   iter #   3
      chi:   1   0.3470715560   residue:    3.3951823969
      chi:   2  -0.2844931991   residue:    0.3989944869
      chi:   3  -0.0863238588   residue:    0.0807405119
      chi:   4  -0.0619496098   residue:    0.0717828588
      chi:   5  -0.0317162290   residue:    0.0275232805
      chi:   6  -0.0485296510   residue:    0.1134605384
      Average number of iter. to solve lin. system:   16.1
      Total CPU time :  1471.8 s

      atom #  1   q point #   3   iter #   4
      chi:   1  -0.0321130775   residue:    0.3791846335
      chi:   2   0.1163791548   residue:    0.4008723539
      chi:   3   0.0146641484   residue:    0.1009880073
      chi:   4  -0.0007540953   residue:    0.0611955145
      chi:   5   0.0210147203   residue:    0.0527309493
      chi:   6   0.0311498698   residue:    0.0796795208
      Average number of iter. to solve lin. system:   17.7
      Total CPU time :  1718.6 s

      atom #  1   q point #   3   iter #   5
      chi:   1  -0.1411763483   residue:    0.1090632708
      chi:   2  -0.0399947284   residue:    0.1563738832
      chi:   3   0.0279679086   residue:    0.0133037601
      chi:   4   0.0324189603   residue:    0.0331730556
      chi:   5  -0.0184939691   residue:    0.0395086894
      chi:   6  -0.0364580303   residue:    0.0676079000
      Average number of iter. to solve lin. system:   17.9
      Total CPU time :  1967.4 s

      atom #  1   q point #   3   iter #   6
      chi:   1  -0.1558188559   residue:    0.0146425076
      chi:   2  -0.0340327324   residue:    0.0059619960
      chi:   3  -0.0175516518   residue:    0.0455195604
      chi:   4  -0.0066941827   residue:    0.0391131430
      chi:   5   0.0007779984   residue:    0.0192719675
      chi:   6   0.0202098047   residue:    0.0566678350
      Average number of iter. to solve lin. system:   18.1
      Total CPU time :  2221.3 s

      atom #  1   q point #   3   iter #   7
      chi:   1  -0.1581180197   residue:    0.0022991638
      chi:   2  -0.0004882172   residue:    0.0335445152
      chi:   3  -0.0157229022   residue:    0.0018287496
      chi:   4  -0.0142575020   residue:    0.0075633193
      chi:   5  -0.0037858547   residue:    0.0045638531
      chi:   6  -0.0163022216   residue:    0.0365120262
      Average number of iter. to solve lin. system:   17.7
      Total CPU time :  2468.8 s

      atom #  1   q point #   3   iter #   8
      chi:   1  -0.1259327644   residue:    0.0321852554
      chi:   2   0.0112909920   residue:    0.0117792092
      chi:   3   0.0102476628   residue:    0.0259705650
      chi:   4  -0.0005742316   residue:    0.0136832704
      chi:   5   0.0060346677   residue:    0.0098205224
      chi:   6  -0.0024389748   residue:    0.0138632468
      Average number of iter. to solve lin. system:   18.3
      Total CPU time :  2721.7 s

      atom #  1   q point #   3   iter #   9
      chi:   1  -0.1331347820   residue:    0.0072020176
      chi:   2   0.0032149899   residue:    0.0080760020
      chi:   3  -0.0041371384   residue:    0.0143848011
      chi:   4   0.0045365580   residue:    0.0051107895
      chi:   5  -0.0068136330   residue:    0.0128483008
      chi:   6   0.0030019461   residue:    0.0054409209
      Average number of iter. to solve lin. system:   18.8
      Total CPU time :  2979.3 s

      atom #  1   q point #   3   iter #  10
      chi:   1  -0.1282606796   residue:    0.0048741024
      chi:   2  -0.0034384909   residue:    0.0066534808
      chi:   3   0.0031067264   residue:    0.0072438647
      chi:   4  -0.0009453516   residue:    0.0054819095
      chi:   5   0.0055033322   residue:    0.0123169652
      chi:   6  -0.0023888790   residue:    0.0053908251
      Average number of iter. to solve lin. system:   19.1
      Total CPU time :  3240.1 s

      atom #  1   q point #   3   iter #  11
      chi:   1  -0.1377404207   residue:    0.0094797411
      chi:   2   0.0006030207   residue:    0.0040415116
      chi:   3   0.0035528543   residue:    0.0004461279
      chi:   4   0.0011016578   residue:    0.0020470094
      chi:   5  -0.0010764481   residue:    0.0065797804
      chi:   6  -0.0009992182   residue:    0.0013896608
      Average number of iter. to solve lin. system:   18.6
      Total CPU time :  3495.5 s

      atom #  1   q point #   3   iter #  12
      chi:   1  -0.1290140918   residue:    0.0087263289
      chi:   2   0.0019061357   residue:    0.0013031151
      chi:   3  -0.0059119623   residue:    0.0094648166
      chi:   4  -0.0032112405   residue:    0.0043128983
      chi:   5   0.0033239320   residue:    0.0044003802
      chi:   6   0.0067470082   residue:    0.0077462264
      Average number of iter. to solve lin. system:   20.2
      Total CPU time :  3771.0 s

      atom #  1   q point #   3   iter #  13
      chi:   1  -0.1283841629   residue:    0.0006299288
      chi:   2   0.0021666301   residue:    0.0002604943
      chi:   3  -0.0042818464   residue:    0.0016301159
      chi:   4  -0.0006501169   residue:    0.0025611236
      chi:   5  -0.0012706655   residue:    0.0045945975
      chi:   6  -0.0037085217   residue:    0.0104555299
      Average number of iter. to solve lin. system:   17.6
      Total CPU time :  4017.6 s

      atom #  1   q point #   3   iter #  14
      chi:   1  -0.1316865118   residue:    0.0033023488
      chi:   2  -0.0064508942   residue:    0.0086175243
      chi:   3  -0.0036150062   residue:    0.0006668402
      chi:   4   0.0018637882   residue:    0.0025139051
      chi:   5  -0.0019861736   residue:    0.0007155081
      chi:   6   0.0012255311   residue:    0.0049340529
      Average number of iter. to solve lin. system:   17.9
      Total CPU time :  4267.6 s

      atom #  1   q point #   3   iter #  15
      chi:   1  -0.1334540717   residue:    0.0017675600
      chi:   2  -0.0014430438   residue:    0.0050078504
      chi:   3   0.0006289064   residue:    0.0042439126
      chi:   4  -0.0008063691   residue:    0.0026701573
      chi:   5   0.0026073157   residue:    0.0045934893
      chi:   6  -0.0009819143   residue:    0.0022074454
      Average number of iter. to solve lin. system:   17.8
      Total CPU time :  4516.2 s

      atom #  1   q point #   3   iter #  16
      chi:   1  -0.1337852914   residue:    0.0003312196
      chi:   2   0.0008733017   residue:    0.0023163454
      chi:   3  -0.0017549076   residue:    0.0023838140
      chi:   4   0.0007842755   residue:    0.0015906446
      chi:   5  -0.0029902902   residue:    0.0055976060
      chi:   6   0.0015854030   residue:    0.0025673173
      Average number of iter. to solve lin. system:   19.4
      Total CPU time :  4782.0 s

      atom #  1   q point #   3   iter #  17
      chi:   1  -0.1331914868   residue:    0.0005938045
      chi:   2   0.0009947214   residue:    0.0001214197
      chi:   3  -0.0020543773   residue:    0.0002994697
      chi:   4  -0.0003727576   residue:    0.0011570331
      chi:   5  -0.0000796384   residue:    0.0029106519
      chi:   6  -0.0002433342   residue:    0.0018287372
      Average number of iter. to solve lin. system:   18.5
      Total CPU time :  5035.9 s

      atom #  1   q point #   3   iter #  18
      chi:   1  -0.1337781491   residue:    0.0005866623
      chi:   2  -0.0018267638   residue:    0.0028214851
      chi:   3   0.0021041707   residue:    0.0041585480
      chi:   4   0.0013820643   residue:    0.0017548219
      chi:   5  -0.0022615132   residue:    0.0021818748
      chi:   6  -0.0022226564   residue:    0.0019793222
      Average number of iter. to solve lin. system:   19.7
      Total CPU time :  5304.5 s

      atom #  1   q point #   3   iter #  19
      chi:   1  -0.1368965693   residue:    0.0031184202
      chi:   2  -0.0006581635   residue:    0.0011686003
      chi:   3   0.0019169498   residue:    0.0001872209
      chi:   4   0.0004161657   residue:    0.0009658986
      chi:   5   0.0009016934   residue:    0.0031632066
      chi:   6   0.0021439315   residue:    0.0043665879
      Average number of iter. to solve lin. system:   18.2
      Total CPU time :  5558.5 s

      atom #  1   q point #   3   iter #  20
      chi:   1  -0.1327014007   residue:    0.0041951686
      chi:   2  -0.0001632503   residue:    0.0004949132
      chi:   3   0.0001246491   residue:    0.0017923007
      chi:   4  -0.0003019405   residue:    0.0007181061
      chi:   5   0.0004613103   residue:    0.0004403831
      chi:   6  -0.0001546972   residue:    0.0022986287
      Average number of iter. to solve lin. system:   17.7
      Total CPU time :  5807.8 s

      atom #  1   q point #   3   iter #  21
      chi:   1  -0.1346002115   residue:    0.0018988107
      chi:   2  -0.0002013331   residue:    0.0000380828
      chi:   3  -0.0011853090   residue:    0.0013099580
      chi:   4   0.0003808406   residue:    0.0006827811
      chi:   5  -0.0018577363   residue:    0.0023190466
      chi:   6   0.0005554501   residue:    0.0007101472
      Average number of iter. to solve lin. system:   18.3
      Total CPU time :  6060.2 s

      atom #  1   q point #   3   iter #  22
      chi:   1  -0.1338482570   residue:    0.0007519545
      chi:   2  -0.0005705099   residue:    0.0003691768
      chi:   3   0.0003494261   residue:    0.0015347350
      chi:   4  -0.0004721794   residue:    0.0008530200
      chi:   5   0.0020580053   residue:    0.0039157416
      chi:   6  -0.0016135029   residue:    0.0021689529
      Average number of iter. to solve lin. system:   19.5
      Total CPU time :  6327.8 s

      atom #  1   q point #   3   iter #  23
      chi:   1  -0.1326717640   residue:    0.0011764930
      chi:   2   0.0006400027   residue:    0.0012105127
      chi:   3   0.0005769249   residue:    0.0002274988
      chi:   4   0.0002860383   residue:    0.0007582176
      chi:   5  -0.0004244389   residue:    0.0024824442
      chi:   6  -0.0000334969   residue:    0.0015800059
      Average number of iter. to solve lin. system:   18.4
      Total CPU time :  6583.5 s

      atom #  1   q point #   3   iter #  24
      chi:   1  -0.1331412177   residue:    0.0004694537
      chi:   2  -0.0001582946   residue:    0.0007982973
      chi:   3  -0.0003845553   residue:    0.0009614802
      chi:   4  -0.0003774993   residue:    0.0006635376
      chi:   5   0.0004643042   residue:    0.0008887431
      chi:   6   0.0005720164   residue:    0.0006055133
      Average number of iter. to solve lin. system:   17.5
      Total CPU time :  6826.5 s

      atom #  1   q point #   3   iter #  25
      chi:   1  -0.1355304506   residue:    0.0023892329
      chi:   2  -0.0008363785   residue:    0.0006780839
      chi:   3   0.0011243162   residue:    0.0015088716
      chi:   4   0.0002415650   residue:    0.0006190643
      chi:   5   0.0001162820   residue:    0.0003480221
      chi:   6  -0.0000803398   residue:    0.0006523562
      Average number of iter. to solve lin. system:   18.8
      Total CPU time :  7085.7 s

      atom #  1   q point #   3   iter #  26
      chi:   1  -0.1334999631   residue:    0.0020304875
      chi:   2   0.0011709949   residue:    0.0020073734
      chi:   3  -0.0010248344   residue:    0.0021491507
      chi:   4   0.0001149231   residue:    0.0001266419
      chi:   5  -0.0000943242   residue:    0.0002106063
      chi:   6   0.0000474678   residue:    0.0001278076
      Average number of iter. to solve lin. system:   19.5
      Total CPU time :  7353.0 s

      atom #  1   q point #   3   iter #  27
      chi:   1  -0.1318983624   residue:    0.0016016007
      chi:   2  -0.0014221065   residue:    0.0025931014
      chi:   3  -0.0000361444   residue:    0.0009886901
      chi:   4  -0.0000547365   residue:    0.0001696596
      chi:   5  -0.0010477049   residue:    0.0009533807
      chi:   6   0.0000788647   residue:    0.0000313969
      Average number of iter. to solve lin. system:   18.4
      Total CPU time :  7608.7 s

      atom #  1   q point #   3   iter #  28
      chi:   1  -0.1330225136   residue:    0.0011241512
      chi:   2  -0.0004029648   residue:    0.0010191417
      chi:   3   0.0003844830   residue:    0.0004206274
      chi:   4  -0.0001844457   residue:    0.0001297092
      chi:   5   0.0003545697   residue:    0.0014022746
      chi:   6   0.0000600356   residue:    0.0000188291
      Average number of iter. to solve lin. system:   17.2
      Total CPU time :  7850.2 s

      atom #  1   q point #   3   iter #  29
      chi:   1  -0.1341725366   residue:    0.0011500230
      chi:   2  -0.0004390252   residue:    0.0000360604
      chi:   3  -0.0012345010   residue:    0.0016189840
      chi:   4  -0.0005091053   residue:    0.0003246596
      chi:   5   0.0007643476   residue:    0.0004097779
      chi:   6   0.0000859926   residue:    0.0000259570
      Average number of iter. to solve lin. system:   18.4
      Total CPU time :  8105.8 s

      atom #  1   q point #   3   iter #  30
      chi:   1  -0.1335342756   residue:    0.0006382610
      chi:   2  -0.0002798927   residue:    0.0001591325
      chi:   3  -0.0000602075   residue:    0.0011742934
      chi:   4   0.0001291968   residue:    0.0006383021
      chi:   5  -0.0005284554   residue:    0.0012928030
      chi:   6  -0.0000367630   residue:    0.0001227556
      Average number of iter. to solve lin. system:   17.8
      Total CPU time :  8354.5 s

      atom #  1   q point #   3   iter #  31
      chi:   1  -0.1336075061   residue:    0.0000732305
      chi:   2  -0.0002373248   residue:    0.0000425680
      chi:   3  -0.0003424006   residue:    0.0002821931
      chi:   4   0.0002239483   residue:    0.0000947514
      chi:   5  -0.0003237504   residue:    0.0002047050
      chi:   6   0.0005386578   residue:    0.0005754208
      Average number of iter. to solve lin. system:   17.8
      Total CPU time :  8601.0 s

      atom #  1   q point #   3   iter #  32
      chi:   1  -0.1351065588   residue:    0.0014990527
      chi:   2  -0.0016476048   residue:    0.0014102800
      chi:   3   0.0014069944   residue:    0.0017493950
      chi:   4   0.0001058497   residue:    0.0001180986
      chi:   5   0.0001272805   residue:    0.0004510308
      chi:   6  -0.0004854971   residue:    0.0010241549
      Average number of iter. to solve lin. system:   19.7
      Total CPU time :  8870.0 s

      atom #  1   q point #   3   iter #  33
      chi:   1  -0.1363366536   residue:    0.0012300947
      chi:   2   0.0016339585   residue:    0.0032815633
      chi:   3   0.0005422399   residue:    0.0008647545
      chi:   4  -0.0000080842   residue:    0.0001139339
      chi:   5   0.0010325994   residue:    0.0009053189
      chi:   6  -0.0007593571   residue:    0.0002738600
      Average number of iter. to solve lin. system:   18.1
      Total CPU time :  9121.3 s

      atom #  1   q point #   3   iter #  34
      chi:   1  -0.1338796449   residue:    0.0024570086
      chi:   2  -0.0005045921   residue:    0.0021385506
      chi:   3  -0.0003805330   residue:    0.0009227729
      chi:   4   0.0001086503   residue:    0.0001167345
      chi:   5  -0.0006209615   residue:    0.0016535609
      chi:   6   0.0000855052   residue:    0.0008448623
      Average number of iter. to solve lin. system:   18.0
      Total CPU time :  9372.7 s

      atom #  1   q point #   3   iter #  35
      chi:   1  -0.1334205071   residue:    0.0004591379
      chi:   2  -0.0001927281   residue:    0.0003118640
      chi:   3  -0.0000271265   residue:    0.0003534065
      chi:   4  -0.0001935783   residue:    0.0003022286
      chi:   5   0.0005726640   residue:    0.0011936255
      chi:   6  -0.0002976052   residue:    0.0003831104
      Average number of iter. to solve lin. system:   19.1
      Total CPU time :  9634.4 s

      atom #  1   q point #   3   iter #  36
      chi:   1  -0.1345297209   residue:    0.0011092138
      chi:   2  -0.0002272686   residue:    0.0000345405
      chi:   3  -0.0007171066   residue:    0.0006899801
      chi:   4  -0.0001253865   residue:    0.0000681918
      chi:   5   0.0002954742   residue:    0.0002771897
      chi:   6   0.0004314129   residue:    0.0007290181
      Average number of iter. to solve lin. system:   18.7
      Total CPU time :  9893.3 s

      atom #  1   q point #   3   iter #  37
      chi:   1  -0.1338337463   residue:    0.0006959746
      chi:   2  -0.0002683866   residue:    0.0000411180
      chi:   3   0.0001622672   residue:    0.0008793738
      chi:   4   0.0003068995   residue:    0.0004322860
      chi:   5  -0.0002515031   residue:    0.0005469774
      chi:   6   0.0003614891   residue:    0.0000699239
      Average number of iter. to solve lin. system:   18.2
      Total CPU time : 10146.0 s

      atom #  1   q point #   3   iter #  38
      chi:   1  -0.1348879998   residue:    0.0010542535
      chi:   2  -0.0009353167   residue:    0.0006669301
      chi:   3   0.0007101748   residue:    0.0005479076
      chi:   4   0.0001436912   residue:    0.0001632083
      chi:   5   0.0000888602   residue:    0.0003403633
      chi:   6  -0.0005224761   residue:    0.0008839651
      Average number of iter. to solve lin. system:   18.5
      Total CPU time : 10403.2 s

      atom #  1   q point #   3   iter #  39
      chi:   1  -0.1356152178   residue:    0.0007272180
      chi:   2   0.0010696451   residue:    0.0020049618
      chi:   3   0.0000897385   residue:    0.0006204363
      chi:   4   0.0001686607   residue:    0.0000249695
      chi:   5  -0.0004345458   residue:    0.0005234060
      chi:   6  -0.0004012006   residue:    0.0001212755
      Average number of iter. to solve lin. system:   18.1
      Total CPU time : 10654.6 s

      atom #  1   q point #   3   iter #  40
      chi:   1  -0.1339849778   residue:    0.0016302400
      chi:   2  -0.0004722018   residue:    0.0015418470
      chi:   3  -0.0001684514   residue:    0.0002581898
      chi:   4   0.0000678074   residue:    0.0001008533
      chi:   5  -0.0001973592   residue:    0.0002371866
      chi:   6   0.0000867054   residue:    0.0004879060
      Average number of iter. to solve lin. system:   17.6
      Total CPU time : 10901.3 s

      atom #  1   q point #   3   iter #  41
      chi:   1  -0.1339060426   residue:    0.0000789352
      chi:   2  -0.0002624714   residue:    0.0002097305
      chi:   3   0.0000499993   residue:    0.0002184507
      chi:   4  -0.0000416500   residue:    0.0001094574
      chi:   5   0.0004839231   residue:    0.0006812823
      chi:   6  -0.0001699127   residue:    0.0002566181
      Average number of iter. to solve lin. system:   18.6
      Total CPU time : 11159.0 s

      atom #  1   q point #   3   iter #  42
      chi:   1  -0.1351217874   residue:    0.0012157448
      chi:   2   0.0000464284   residue:    0.0003088998
      chi:   3  -0.0004152173   residue:    0.0004652166
      chi:   4  -0.0000597525   residue:    0.0000181025
      chi:   5   0.0004384605   residue:    0.0000454625
      chi:   6   0.0006546120   residue:    0.0008245247
      Average number of iter. to solve lin. system:   19.8
      Total CPU time : 11430.5 s

      atom #  1   q point #   3   iter #  43
      chi:   1  -0.1341176891   residue:    0.0010040983
      chi:   2  -0.0002126122   residue:    0.0002590406
      chi:   3  -0.0002032711   residue:    0.0002119462
      chi:   4   0.0000577307   residue:    0.0001174832
      chi:   5  -0.0000340703   residue:    0.0004725309
      chi:   6  -0.0000033851   residue:    0.0006579970
      Average number of iter. to solve lin. system:   17.7
      Total CPU time : 11678.2 s

      atom #  1   q point #   3   iter #  44
      chi:   1  -0.1349202157   residue:    0.0008025266
      chi:   2  -0.0007798448   residue:    0.0005672326
      chi:   3   0.0005209952   residue:    0.0007242663
      chi:   4   0.0000616016   residue:    0.0000038709
      chi:   5   0.0000815954   residue:    0.0001156657
      chi:   6  -0.0004211348   residue:    0.0004177498
      Average number of iter. to solve lin. system:   20.3
      Total CPU time : 11954.7 s

      atom #  1   q point #   3   iter #  45
      chi:   1  -0.1344252052   residue:    0.0004950105
      chi:   2  -0.0002418331   residue:    0.0005380116
      chi:   3   0.0002619539   residue:    0.0002590413
      chi:   4   0.0000987268   residue:    0.0000371252
      chi:   5  -0.0002502813   residue:    0.0003318767
      chi:   6   0.0000927953   residue:    0.0005139301
      Average number of iter. to solve lin. system:   17.5
      Total CPU time : 12199.7 s

      atom #  1   q point #   3   iter #  46
      chi:   1  -0.1346204680   residue:    0.0001952629
      chi:   2   0.0002452975   residue:    0.0004871306
      chi:   3  -0.0001392239   residue:    0.0004011778
      chi:   4   0.0000464428   residue:    0.0000522840
      chi:   5   0.0001329807   residue:    0.0003832620
      chi:   6  -0.0002331971   residue:    0.0003259924
      Average number of iter. to solve lin. system:   19.1
      Total CPU time : 12461.9 s

      atom #  1   q point #   3   iter #  47
      chi:   1  -0.1342165976   residue:    0.0004038705
      chi:   2  -0.0002756925   residue:    0.0005209900
      chi:   3  -0.0001090942   residue:    0.0000301296
      chi:   4   0.0000674224   residue:    0.0000209796
      chi:   5  -0.0000317915   residue:    0.0001647721
      chi:   6   0.0000539759   residue:    0.0002871729
      Average number of iter. to solve lin. system:   17.6
      Total CPU time : 12708.8 s

      atom #  1   q point #   3   iter #  48
      chi:   1  -0.1344224221   residue:    0.0002058246
      chi:   2  -0.0003588402   residue:    0.0000831477
      chi:   3  -0.0001309893   residue:    0.0000218950
      chi:   4  -0.0000191153   residue:    0.0000865377
      chi:   5  -0.0001687785   residue:    0.0001369871
      chi:   6  -0.0000375747   residue:    0.0000915506
      Average number of iter. to solve lin. system:   19.7
      Total CPU time : 12976.0 s

      atom #  1   q point #   3   iter #  49
      chi:   1  -0.1347349368   residue:    0.0003125147
      chi:   2   0.0001267837   residue:    0.0004856238
      chi:   3  -0.0000772511   residue:    0.0000537381
      chi:   4   0.0000650181   residue:    0.0000841334
      chi:   5   0.0002674091   residue:    0.0004361876
      chi:   6   0.0003656785   residue:    0.0004032532
      Average number of iter. to solve lin. system:   18.5
      Total CPU time : 13233.6 s

      atom #  1   q point #   3   iter #  50
      chi:   1  -0.1347352000   residue:    0.0000002631
      chi:   2  -0.0005582085   residue:    0.0006849922
      chi:   3   0.0001867336   residue:    0.0002639847
      chi:   4   0.0000588139   residue:    0.0000062042
      chi:   5   0.0000077935   residue:    0.0002596156
      chi:   6  -0.0002889068   residue:    0.0006545853
      Average number of iter. to solve lin. system:   18.0
      Total CPU time : 13485.1 s

      atom #  1   q point #   3   iter #  51
      chi:   1  -0.1342818633   residue:    0.0004533366
      chi:   2  -0.0002711299   residue:    0.0002870786
      chi:   3  -0.0000418254   residue:    0.0002285590
      chi:   4   0.0000666649   residue:    0.0000078510
      chi:   5   0.0000040602   residue:    0.0000037333
      chi:   6  -0.0000026447   residue:    0.0002862620
      Average number of iter. to solve lin. system:   17.0
      Total CPU time : 13726.2 s

      atom #  1   q point #   3   iter #  52
      chi:   1  -0.1344714107   residue:    0.0001895474
      chi:   2   0.0001571753   residue:    0.0004283051
      chi:   3  -0.0003227045   residue:    0.0002808790
      chi:   4   0.0000403833   residue:    0.0000262816
      chi:   5  -0.0000842207   residue:    0.0000882809
      chi:   6   0.0000077142   residue:    0.0000103589
      Average number of iter. to solve lin. system:   20.1
      Total CPU time : 13997.4 s

      atom #  1   q point #   3   iter #  53
      chi:   1  -0.1344099295   residue:    0.0000614812
      chi:   2  -0.0002135060   residue:    0.0003706812
      chi:   3   0.0000004086   residue:    0.0003231130
      chi:   4   0.0000687838   residue:    0.0000284005
      chi:   5   0.0001125237   residue:    0.0001967445
      chi:   6  -0.0001054510   residue:    0.0001131652
      Average number of iter. to solve lin. system:   17.6
      Total CPU time : 14241.9 s

      atom #  1   q point #   3   iter #  54
      chi:   1  -0.1344362098   residue:    0.0000262803
      chi:   2  -0.0003793564   residue:    0.0001658504
      chi:   3  -0.0001547408   residue:    0.0001551494
      chi:   4  -0.0000047483   residue:    0.0000735321
      chi:   5  -0.0001537540   residue:    0.0002662777
      chi:   6   0.0000559927   residue:    0.0001614437
      Average number of iter. to solve lin. system:   19.8
      Total CPU time : 14511.1 s

      atom #  1   q point #   3   iter #  55
      chi:   1  -0.1346638565   residue:    0.0002276467
      chi:   2   0.0000705560   residue:    0.0004499123
      chi:   3  -0.0000226653   residue:    0.0001320755
      chi:   4   0.0000678047   residue:    0.0000725530
      chi:   5   0.0001869282   residue:    0.0003406822
      chi:   6   0.0003442340   residue:    0.0002882413
      Average number of iter. to solve lin. system:   18.4
      Total CPU time : 14768.5 s

      atom #  1   q point #   3   iter #  56
      chi:   1  -0.1346025346   residue:    0.0000613219
      chi:   2  -0.0004555663   residue:    0.0005261223
      chi:   3  -0.0000188471   residue:    0.0000038183
      chi:   4   0.0000376876   residue:    0.0000301171
      chi:   5  -0.0000331520   residue:    0.0002200801
      chi:   6  -0.0001425877   residue:    0.0004868216
      Average number of iter. to solve lin. system:   17.5
      Total CPU time : 15014.5 s

      atom #  1   q point #   3   iter #  57
      chi:   1  -0.1343149453   residue:    0.0002875893
      chi:   2  -0.0002486735   residue:    0.0002068929
      chi:   3  -0.0000526046   residue:    0.0000337575
      chi:   4   0.0000613889   residue:    0.0000237013
      chi:   5  -0.0000530810   residue:    0.0000199291
      chi:   6   0.0000442960   residue:    0.0001868836
      Average number of iter. to solve lin. system:   16.7
      Total CPU time : 15252.6 s

      atom #  1   q point #   3   iter #  58
      chi:   1  -0.1344699172   residue:    0.0001549720
      chi:   2   0.0000506089   residue:    0.0002992823
      chi:   3  -0.0002058408   residue:    0.0001532362
      chi:   4   0.0000363225   residue:    0.0000250664
      chi:   5  -0.0000867093   residue:    0.0000336282
      chi:   6   0.0000443163   residue:    0.0000000203
      Average number of iter. to solve lin. system:   19.1
      Total CPU time : 15517.0 s

      atom #  1   q point #   3   iter #  59
      chi:   1  -0.1345449703   residue:    0.0000750530
      chi:   2  -0.0002502453   residue:    0.0003008542
      chi:   3   0.0000855170   residue:    0.0002913577
      chi:   4   0.0000793256   residue:    0.0000430031
      chi:   5   0.0003538668   residue:    0.0004405761
      chi:   6  -0.0003278274   residue:    0.0003721437
      Average number of iter. to solve lin. system:   19.2
      Total CPU time : 15782.3 s

      atom #  1   q point #   3   iter #  60
      chi:   1  -0.1344601705   residue:    0.0000847998
      chi:   2  -0.0003123188   residue:    0.0000620734
      chi:   3  -0.0001175631   residue:    0.0002030801
      chi:   4   0.0000230661   residue:    0.0000562594
      chi:   5  -0.0000396421   residue:    0.0003935089
      chi:   6   0.0000421166   residue:    0.0003699439
      Average number of iter. to solve lin. system:   18.0
      Total CPU time : 16032.9 s

      atom #  1   q point #   3   iter #  61
      chi:   1  -0.1346045909   residue:    0.0001444204
      chi:   2  -0.0000098248   residue:    0.0003024940
      chi:   3  -0.0000134054   residue:    0.0001041577
      chi:   4   0.0000695899   residue:    0.0000465238
      chi:   5   0.0001794389   residue:    0.0002190810
      chi:   6   0.0001766619   residue:    0.0001345453
      Average number of iter. to solve lin. system:   18.6
      Total CPU time : 16291.1 s

      atom #  1   q point #   3   iter #  62
      chi:   1  -0.1346057592   residue:    0.0000011683
      chi:   2  -0.0003641355   residue:    0.0003543107
      chi:   3  -0.0000800287   residue:    0.0000666233
      chi:   4   0.0000301127   residue:    0.0000394772
      chi:   5  -0.0000209167   residue:    0.0002003557
      chi:   6  -0.0001245933   residue:    0.0003012552
      Average number of iter. to solve lin. system:   17.8
      Total CPU time : 16540.1 s

      atom #  1   q point #   3   iter #  63
      chi:   1  -0.1341187240   residue:    0.0004870352
      chi:   2  -0.0003523688   residue:    0.0000117666
      chi:   3   0.0000197470   residue:    0.0000997757
      chi:   4   0.0000908493   residue:    0.0000607366
      chi:   5  -0.0000926593   residue:    0.0000717426
      chi:   6   0.0000210996   residue:    0.0001456930
      Average number of iter. to solve lin. system:   17.9
      Total CPU time : 16790.3 s

      atom #  1   q point #   3   iter #  64
      chi:   1  -0.1343868276   residue:    0.0002681036
      chi:   2   0.0001795378   residue:    0.0005319067
      chi:   3  -0.0001960650   residue:    0.0002158120
      chi:   4   0.0000432101   residue:    0.0000476393
      chi:   5  -0.0001694127   residue:    0.0000767534
      chi:   6   0.0000563026   residue:    0.0000352029
      Average number of iter. to solve lin. system:   18.5
      Total CPU time : 17045.2 s

      atom #  1   q point #   3   iter #  65
      chi:   1  -0.1344424096   residue:    0.0000555821
      chi:   2  -0.0002546427   residue:    0.0004341805
      chi:   3   0.0000306784   residue:    0.0002267434
      chi:   4   0.0000763323   residue:    0.0000331222
      chi:   5   0.0002115021   residue:    0.0003809147
      chi:   6  -0.0002467457   residue:    0.0003030483
      Average number of iter. to solve lin. system:   17.9
      Total CPU time : 17295.5 s

      atom #  1   q point #   3   iter #  66
      chi:   1  -0.1343889104   residue:    0.0000534992
      chi:   2  -0.0004479681   residue:    0.0001933254
      chi:   3  -0.0001688179   residue:    0.0001994963
      chi:   4   0.0000001238   residue:    0.0000762085
      chi:   5  -0.0001271581   residue:    0.0003386602
      chi:   6   0.0001371165   residue:    0.0003838623
      Average number of iter. to solve lin. system:   19.2
      Total CPU time : 17561.3 s

      atom #  1   q point #   3   iter #  67
      chi:   1  -0.1347088937   residue:    0.0003199833
      chi:   2   0.0001925053   residue:    0.0006404734
      chi:   3   0.0000193206   residue:    0.0001881385
      chi:   4   0.0000889896   residue:    0.0000888659
      chi:   5   0.0003432999   residue:    0.0004704580
      chi:   6   0.0003555986   residue:    0.0002184820
      Average number of iter. to solve lin. system:   18.3
      Total CPU time : 17815.8 s

      atom #  1   q point #   3   iter #  68
      chi:   1  -0.1348676953   residue:    0.0001588015
      chi:   2  -0.0003921924   residue:    0.0005846977
      chi:   3  -0.0002166402   residue:    0.0002359608
      chi:   4  -0.0000246819   residue:    0.0001136716
      chi:   5  -0.0001329352   residue:    0.0004762351
      chi:   6  -0.0000788097   residue:    0.0004344083
      Average number of iter. to solve lin. system:   17.8
      Total CPU time : 18064.8 s

      atom #  1   q point #   3   iter #  69
      chi:   1  -0.1341188898   residue:    0.0007488055
      chi:   2  -0.0004250349   residue:    0.0000328425
      chi:   3   0.0000019561   residue:    0.0002185963
      chi:   4   0.0000865729   residue:    0.0001112548
      chi:   5  -0.0001510217   residue:    0.0000180866
      chi:   6   0.0000939922   residue:    0.0001728019
      Average number of iter. to solve lin. system:   17.5
      Total CPU time : 18310.0 s

      atom #  1   q point #   3   iter #  70
      chi:   1  -0.1343573651   residue:    0.0002384753
      chi:   2   0.0002348310   residue:    0.0006598659
      chi:   3  -0.0001970657   residue:    0.0001990218
      chi:   4   0.0000386932   residue:    0.0000478797
      chi:   5  -0.0002769503   residue:    0.0001259285
      chi:   6   0.0001688058   residue:    0.0000748137
      Average number of iter. to solve lin. system:   18.2
      Total CPU time : 18562.8 s

      atom #  1   q point #   3   iter #  71
      chi:   1  -0.1345183042   residue:    0.0001609391
      chi:   2  -0.0004091684   residue:    0.0006439994
      chi:   3   0.0001905943   residue:    0.0003876599
      chi:   4   0.0001041020   residue:    0.0000654088
      chi:   5   0.0005802496   residue:    0.0008571998
      chi:   6  -0.0008662215   residue:    0.0010350273
      Average number of iter. to solve lin. system:   19.6
      Total CPU time : 18831.5 s

      atom #  1   q point #   3   iter #  72
      chi:   1  -0.1344235887   residue:    0.0000947154
      chi:   2  -0.0006353578   residue:    0.0002261894
      chi:   3  -0.0001305152   residue:    0.0003211094
      chi:   4  -0.0000073182   residue:    0.0001114202
      chi:   5   0.0000032990   residue:    0.0005769505
      chi:   6   0.0000623194   residue:    0.0009285409
      Average number of iter. to solve lin. system:   17.9
      Total CPU time : 19082.2 s

      atom #  1   q point #   3   iter #  73
      chi:   1  -0.1348061987   residue:    0.0003826100
      chi:   2   0.0002279045   residue:    0.0008632623
      chi:   3   0.0000597552   residue:    0.0001902704
      chi:   4   0.0001009156   residue:    0.0001082339
      chi:   5   0.0005443095   residue:    0.0005410105
      chi:   6   0.0002345056   residue:    0.0001721862
      Average number of iter. to solve lin. system:   17.8
      Total CPU time : 19332.0 s

      atom #  1   q point #   3   iter #  74
      chi:   1  -0.1349329164   residue:    0.0001267178
      chi:   2  -0.0002888474   residue:    0.0005167520
      chi:   3  -0.0002438925   residue:    0.0003036478
      chi:   4  -0.0000344497   residue:    0.0001353653
      chi:   5  -0.0000816907   residue:    0.0006260002
      chi:   6  -0.0000803805   residue:    0.0003148861
      Average number of iter. to solve lin. system:   17.9
      Total CPU time : 19581.6 s

      atom #  1   q point #   3   iter #  75
      chi:   1  -0.1337795255   residue:    0.0011533910
      chi:   2  -0.0009551720   residue:    0.0006663245
      chi:   3   0.0001027050   residue:    0.0003465975
      chi:   4   0.0001296032   residue:    0.0001640529
      chi:   5  -0.0001992571   residue:    0.0001175664
      chi:   6   0.0000648444   residue:    0.0001452249
      Average number of iter. to solve lin. system:   19.1
      Total CPU time : 19844.9 s

      atom #  1   q point #   3   iter #  76
      chi:   1  -0.1338097745   residue:    0.0000302490
      chi:   2   0.0006734071   residue:    0.0016285791
      chi:   3  -0.0002429168   residue:    0.0003456219
      chi:   4   0.0000717778   residue:    0.0000578254
      chi:   5  -0.0007964031   residue:    0.0005971460
      chi:   6   0.0004224082   residue:    0.0003575638
      Average number of iter. to solve lin. system:   18.1
      Total CPU time : 20096.4 s

      atom #  1   q point #   3   iter #  77
      chi:   1  -0.1343380764   residue:    0.0005283019
      chi:   2  -0.0004147164   residue:    0.0010881236
      chi:   3   0.0001390758   residue:    0.0003819926
      chi:   4   0.0000973390   residue:    0.0000255613
      chi:   5   0.0003323356   residue:    0.0011287387
      chi:   6  -0.0007865623   residue:    0.0012089705
      Average number of iter. to solve lin. system:   18.1
      Total CPU time : 20349.5 s

      atom #  1   q point #   3   iter #  78
      chi:   1  -0.1342110897   residue:    0.0001269867
      chi:   2  -0.0007767187   residue:    0.0003620023
      chi:   3  -0.0000511306   residue:    0.0001902064
      chi:   4   0.0000145191   residue:    0.0000828199
      chi:   5   0.0000044166   residue:    0.0003279190
      chi:   6   0.0000863466   residue:    0.0008729090
      Average number of iter. to solve lin. system:   18.0
      Total CPU time : 20601.1 s

      atom #  1   q point #   3   iter #  79
      chi:   1  -0.1348439318   residue:    0.0006328421
      chi:   2   0.0006326275   residue:    0.0014093462
      chi:   3   0.0002049417   residue:    0.0002560723
      chi:   4   0.0001731235   residue:    0.0001586044
      chi:   5   0.0009221962   residue:    0.0009177796
      chi:   6   0.0003775034   residue:    0.0002911568
      Average number of iter. to solve lin. system:   18.3
      Total CPU time : 20855.7 s

      atom #  1   q point #   3   iter #  80
      chi:   1  -0.1357284491   residue:    0.0008845173
      chi:   2   0.0001240186   residue:    0.0005086089
      chi:   3  -0.0006287888   residue:    0.0008337305
      chi:   4  -0.0001824345   residue:    0.0003555580
      chi:   5  -0.0003788281   residue:    0.0013010243
      chi:   6   0.0002058673   residue:    0.0001716361
      Average number of iter. to solve lin. system:   18.6
      Total CPU time : 21112.5 s

      Convergence has not been reached after  80 iterations!
      The best overall accuracy which was reached :
      diff =    0.0002058246  iter =  48

      Stopping...

     init_run     :      7.02s CPU      7.38s WALL (       1 calls)
     electrons    :    326.14s CPU    334.69s WALL (       1 calls)

     Called by init_run:
     wfcinit      :      4.36s CPU      4.48s WALL (       1 calls)
     wfcinit:atom :      0.33s CPU      0.35s WALL (      18 calls)
     wfcinit:wfcr :     18.96s CPU     19.41s WALL (      18 calls)
     potinit      :      1.64s CPU      1.77s WALL (       1 calls)
     hinit0       :      0.37s CPU      0.39s WALL (       1 calls)

     Called by electrons:
     c_bands      :    326.14s CPU    334.69s WALL (       1 calls)
     v_of_rho     :      2.13s CPU      2.39s WALL (       2 calls)
     v_h          :      0.07s CPU      0.08s WALL (       2 calls)
     v_xc         :      2.07s CPU      2.31s WALL (       2 calls)
     newd         :      0.60s CPU      0.78s WALL (       2 calls)
     PAW_pot      :      0.28s CPU      0.28s WALL (       2 calls)

     Called by c_bands:
     init_us_2    :     19.36s CPU     19.65s WALL (     783 calls)
     cegterg      :    279.32s CPU    287.21s WALL (      35 calls)

     Called by sum_band:

     Called by *egterg:
     cdiaghg      :     12.71s CPU     12.71s WALL (     425 calls)
     cegterg:over :     30.98s CPU     31.06s WALL (     407 calls)
     cegterg:upda :     22.41s CPU     23.04s WALL (     407 calls)
     cegterg:last :     18.52s CPU     18.53s WALL (      89 calls)
     h_psi        :  11237.37s CPU  11544.07s WALL (   47708 calls)
     s_psi        :   2165.65s CPU   2166.68s WALL (   95730 calls)
     g_psi        :      3.14s CPU      3.14s WALL (     407 calls)

     Called by h_psi:
     h_psi:calbec :   1149.01s CPU   1152.93s WALL (   47708 calls)
     vloc_psi     :   8367.00s CPU   8666.52s WALL (   47708 calls)
                                        0.00s GPU  (   47708 calls)
     add_vuspsi   :   1071.07s CPU   1071.58s WALL (   47708 calls)
     vhpsi        :    556.57s CPU    557.92s WALL (   47708 calls)

     General routines
     calbec       :   2587.03s CPU   2595.15s WALL (  144149 calls)
     fft          :     55.55s CPU     60.48s WALL (    2372 calls)
     ffts         :      2.09s CPU      2.20s WALL (     324 calls)
     fftw         :   7311.42s CPU   7588.53s WALL ( 3247780 calls)
     interpolate  :     11.10s CPU     11.86s WALL (     324 calls)
     davcio       :     10.49s CPU    116.14s WALL (   54815 calls)

     Parallel routines

     Hubbard U routines
     vhpsi        :    556.57s CPU    557.92s WALL (   47708 calls)

     PAW routines
     PAW_pot      :      0.28s CPU      0.28s WALL (       2 calls)

     init_vloc    :      0.05s CPU      0.05s WALL (       2 calls)
     init_us_1    :      0.32s CPU      0.32s WALL (       2 calls)
     newd         :      0.60s CPU      0.78s WALL (       2 calls)
     add_vuspsi   :   1071.07s CPU   1071.58s WALL (   47708 calls)

     PRINTING TIMING FROM HP ROUTINES: 

     hp_setup_q   :      3.54s CPU      4.10s WALL (       1 calls)
     hp_init_q    :      4.09s CPU      4.23s WALL (       1 calls)
     hp_solve_lin :  20240.10s CPU  20756.19s WALL (       1 calls)
     hp_dvpsi_per :      0.17s CPU      0.28s WALL (       9 calls)
     hp_dnsq      :     55.81s CPU     65.71s WALL (      80 calls)
     hp_symdnsq   :      0.01s CPU      0.01s WALL (      80 calls)
     hp_run_nscf  :    333.77s CPU    344.44s WALL (       1 calls)
     hp_psymdvscf :     19.13s CPU     22.07s WALL (      80 calls)

     PRINTING TIMING FROM LR MODULE: 

     sth_kernel   :  18105.64s CPU  18578.80s WALL (      80 calls)
     apply_dpot_b :    400.81s CPU    413.46s WALL (     711 calls)
     ortho        :    125.04s CPU    125.21s WALL (     720 calls)
     cgsolve      :  16562.19s CPU  16989.38s WALL (     720 calls)
     ch_psi       :  15917.16s CPU  16313.87s WALL (   47248 calls)
     incdrhoscf   :    528.38s CPU    542.90s WALL (     720 calls)
                                        0.00s GPU  (     720 calls)
     dv_of_drho   :     68.44s CPU     79.41s WALL (      80 calls)
     mix_pot      :     12.41s CPU     21.96s WALL (      80 calls)
     setup_dgc    :      2.92s CPU      3.37s WALL (       1 calls)
     setup_dmuxc  :      0.55s CPU      0.63s WALL (       1 calls)
     setup_nbnd_o :      0.00s CPU      0.00s WALL (       1 calls)
     lr_orthoUwfc :      3.12s CPU      3.20s WALL (       1 calls)
     cft_wave     :    342.83s CPU    354.97s WALL (  124504 calls)

     USPP ROUTINES: 

     newdq        :    754.81s CPU    758.64s WALL (      80 calls)
     adddvscf     :    262.51s CPU    262.69s WALL (     711 calls)
     addusdbec    :     41.39s CPU     41.54s WALL (     720 calls)

     HP           :      5h43m CPU      5h51m WALL


   This run was terminated on:   1:52:39  11Aug2026            

=------------------------------------------------------------------------------=
   JOB DONE.
=------------------------------------------------------------------------------=
Note: The following floating-point exceptions are signalling: IEEE_DENORMAL
STOP 1
Note: The following floating-point exceptions are signalling: IEEE_DENORMAL
STOP 1
Note: The following floating-point exceptions are signalling: IEEE_DENORMAL
STOP 1
STOP 1
STOP 1
Note: The following floating-point exceptions are signalling: IEEE_DENORMAL
STOP 1
Note: The following floating-point exceptions are signalling: IEEE_DENORMAL
STOP 1
Note: The following floating-point exceptions are signalling: IEEE_DENORMAL
STOP 1
Note: The following floating-point exceptions are signalling: IEEE_DENORMAL
STOP 1
STOP 1
Note: The following floating-point exceptions are signalling: IEEE_DENORMAL
STOP 1
STOP 1
STOP 1
Note: The following floating-point exceptions are signalling: IEEE_DENORMAL
STOP 1
Note: The following floating-point exceptions are signalling: IEEE_DENORMAL
STOP 1
Note: The following floating-point exceptions are signalling: IEEE_DENORMAL
STOP 1
STOP 1
Note: The following floating-point exceptions are signalling: IEEE_DENORMAL
STOP 1
--------------------------------------------------------------------------
prterun detected that one or more processes exited with non-zero status,
thus causing the job to be terminated. The first process to do so was:

   Process name: [prterun-be2d195a3225-28811@1,13]
   Exit code:    1
--------------------------------------------------------------------------
