Verified background desktop: Codex_STS_Background
{
  "counts": {
    "scf_total": 64,
    "scf_accepted": 44,
    "sites_complete": 7,
    "rerun_attempted": 31,
    "rerun_accepted": 7,
    "ext_attempted": 14,
    "ext_accepted": 4,
    "ext_seed_read": 14
  },
  "predictions": {
    "order_all_with_values": [
      "Cu26Ni9Cr31Co33",
      "Fe25Co25Ni25Cr25",
      "Ni31Cr29Cu5Mn35",
      "Cu22Fe30Co32Mn15",
      "Ni34Fe6Cu29Co31"
    ],
    "order_batch_1": [
      "Cu26Ni9Cr31Co33",
      "Fe25Co25Ni25Cr25",
      "Ni31Cr29Cu5Mn35",
      "Cu22Fe30Co32Mn15"
    ],
    "missing": [
      "Cu8Cr23Mn35Co34"
    ],
    "K1": "NOT_EVALUABLE_UNDER_ARM_C",
    "K2": "NOT_EVALUABLE_UNDER_ARM_C",
    "ni34_batch_2": "NOT_EVALUABLE_UNDER_ARM_C"
  },
  "probe_recipe": "ndim16",
  "rerun_selection": null
}
