Verified background desktop: Codex_STS_Background
........................................................................ [ 35%]
........................................................................ [ 71%]
.........................................................                [100%]
201 passed in 4.59s
 
['src/dft/build_hea_panel.py', '--check'] 0 CHECK ONLY: 10 decks and the manifest verified, nothing written
equiatomic_pull2.10__atomic        nat  75 mesh (4, 2, 1) kpts 8 nk 8 md5 980cacf9b6fecc65fea3d6d602be2434 plan 180.9 core-h
equiatomic_pull2.10__ortho         nat  75 mesh (4, 2, 1) kpts 8 nk 8 md5 bb1517be07c8e782759402bedf8df3fc plan 220.1 core-h
equiatomic_builder__atomic         nat  75 mesh (4, 2, 1) kpts 8 nk 8 md5 462848aca7b3bdcadac64177b7c1e58a plan 180.9 core-h
equiatomic_builder__ortho          nat  75 mesh (4, 2, 1) kpts 8 nk 8 md5 8aac7010a569d6e80f41d680f536e87d plan 220.1 core-h
leader_builder__atomic             nat  75 mesh (4, 2, 1) kpts 8 nk 8 md5 be66caf7452eae76379bd6aa973132da plan 166.5 core-h
leader_builder__ortho              nat  75 mesh (4, 2, 1) kpts 8 nk 8 md5 784151fba535d12f1267712fe2439a92 plan 202.5 core-h
leader_pull2.10__atomic            nat  75 mesh (4, 2, 1) kpts 8 nk 8 md5 1f5ee71cc5f890624cb4622b7bed5061 plan 166.5 core-h
leader_pull2.10__ortho             nat  75 mesh (4, 2, 1) kpts 8 nk 8 md5 28be737b055fd0d049f59f8005d167ad plan 202.5 core-h
leader_pull1.70__atomic            nat  75 mesh (4, 2, 1) kpts 8 nk 8 md5 54f0fd3018a070f00fbd5347e4ac8512 plan 166.5 core-h
leader_pull1.70__ortho             nat  75 mesh (4, 2, 1) kpts 8 nk 8 md5 3b5941be6d34d9bf0aa793433a732eea plan 202.5 core-h
manifest -> runs/hea/m_branch_panel.txt  (NOT LICENSED; nothing submitted)
 
['src/dft/build_hea_pilot.py', '--retained', '--check'] 0 CHECK ONLY: 12 decks and the manifest verified, nothing written
Fe25Co25Ni25Cr25__s2_site0       slab__atomic   nat  72 mesh (4, 2, 1) kpts 8 nk 8 md5 899255ea0fe4b1217497fbc14c478d3c plan 174.0 core-h
Fe25Co25Ni25Cr25__s2_site0       slab__ortho    nat  72 mesh (4, 2, 1) kpts 8 nk 8 md5 20e52cd3e65ec79ed85d7509b6e514f8 plan 211.7 core-h
Fe25Co25Ni25Cr25__s2_site0       OH__atomic     nat  74 mesh (4, 2, 1) kpts 8 nk 8 md5 7c1a4d5c62cab086c3730e2d4d09d0db plan 178.3 core-h
Fe25Co25Ni25Cr25__s2_site0       OH__ortho      nat  74 mesh (4, 2, 1) kpts 8 nk 8 md5 e2b2f16248abf006f20c16768da88aca plan 216.9 core-h
Fe25Co25Ni25Cr25__s2_site0       O__atomic      nat  73 mesh (4, 2, 1) kpts 8 nk 8 md5 e5c28d7a45275a6433705a83a653ce94 plan 176.6 core-h
Fe25Co25Ni25Cr25__s2_site0       O__ortho       nat  73 mesh (4, 2, 1) kpts 8 nk 8 md5 ffb743ebb0eda3e4e759c82f123f971c plan 214.8 core-h
Fe25Co25Ni25Cr25__s2_site0       OOH__atomic    nat  75 mesh (4, 2, 1) kpts 8 nk 8 md5 980cacf9b6fecc65fea3d6d602be2434 REUSED hea/branch_panel/equiatomic_pull2.10__atomic
Fe25Co25Ni25Cr25__s2_site0       OOH__ortho     nat  75 mesh (4, 2, 1) kpts 8 nk 8 md5 bb1517be07c8e782759402bedf8df3fc REUSED hea/branch_panel/equiatomic_pull2.10__ortho
Ni31Cr29Cu5Mn35__s0_site0        slab__atomic   nat  72 mesh (4, 2, 1) kpts 8 nk 8 md5 2f4f43e725e336edd528ce5bb25fc55b plan 160.7 core-h
Ni31Cr29Cu5Mn35__s0_site0        slab__ortho    nat  72 mesh (4, 2, 1) kpts 8 nk 8 md5 0d18e43e11228a79530080e709aae13a plan 195.6 core-h
Ni31Cr29Cu5Mn35__s0_site0        OH__atomic     nat  74 mesh (4, 2, 1) kpts 8 nk 8 md5 2ad65fb8d747a121be33c0982702441a plan 164.0 core-h
Ni31Cr29Cu5Mn35__s0_site0        OH__ortho      nat  74 mesh (4, 2, 1) kpts 8 nk 8 md5 42b37eb13feaca991ed994f7a0a399a8 plan 199.5 core-h
Ni31Cr29Cu5Mn35__s0_site0        O__atomic      nat  73 mesh (4, 2, 1) kpts 8 nk 8 md5 aa4eff4c6239c27a2a49489c972141fb plan 164.0 core-h
Ni31Cr29Cu5Mn35__s0_site0        O__ortho       nat  73 mesh (4, 2, 1) kpts 8 nk 8 md5 ceba91f46679450dbfa7bdf2952e3860 plan 199.5 core-h
Ni31Cr29Cu5Mn35__s0_site0        OOH__atomic    nat  75 mesh (4, 2, 1) kpts 8 nk 8 md5 1f5ee71cc5f890624cb4622b7bed5061 REUSED hea/branch_panel/leader_pull2.10__atomic
Ni31Cr29Cu5Mn35__s0_site0        OOH__ortho     nat  75 mesh (4, 2, 1) kpts 8 nk 8 md5 28be737b055fd0d049f59f8005d167ad REUSED hea/branch_panel/leader_pull2.10__ortho
manifest -> runs/hea/m_pilot_retained.txt  (NOT LICENSED; nothing submitted)
 
['src/dft/build_s5.py', '--check'] 0 S5 builder -- CHECK ONLY, no files written
  NOT LICENSED: Amendment 10 is a draft (docs/74); nothing here may be submitted.
  gas H2  one deck (md5 5c48465f33f83474ef0a4b22b36673e9) in 9 dirs; 8 banked finals agree
  gas H2O one deck (md5 73ed19be6f1a16b4ed190b68dfc22348) in 9 dirs; 8 banked finals agree
  Ru  ref     ref__2x1v__beef              nat=36 nk=16 coords-changed= 1  src E=-3261.33545254 Ry
  Ru  s0_O    s0_O__2x1v_mir__beef         nat=37 nk= 8 coords-changed=23  src E=-3302.93178672 Ry
  Ru  s0_OH   s0_OH__2x1v_mir__beef        nat=38 nk= 8 coords-changed=24  src E=-3304.19810638 Ry
  Ru  s0_OOH  s0_OOH__2x1v_mir__beef       nat=39 nk= 8 coords-changed=25  src E=-3345.67264760 Ry
  Ir  ref     ref__2x1v__beef              nat=36 nk=16 coords-changed= 0  src E=-3179.49645246 Ry
  Ir  s0_O    s0_O__2x1v_mir__beef         nat=37 nk= 8 coords-changed=23  src E=-3221.09584906 Ry
  Ir  s0_OH   s0_OH__2x1v_mir__beef        nat=38 nk= 8 coords-changed=24  src E=-3222.38878145 Ry
  Ir  s0_OOH  s0_OOH__2x1v_mir__beef       nat=39 nk= 8 coords-changed=25  src E=-3263.87194671 Ry
  Ti  ref     ref__2x1v__beef              nat=36 nk=16 coords-changed=22  src E=-2435.23315746 Ry
  Ti  s0_O    s0_O__2x1v_mir__beef         nat=37 nk= 8 coords-changed=23  src E=-2476.62219381 Ry
  Ti  s0_OH   s0_OH__2x1v_mir__beef        nat=38 nk= 8 coords-changed=24  src E=-2478.00635822 Ry
  Ti  s0_OOH  s0_OOH__2x1v_mir__beef       nat=39 nk= 8 coords-changed=25  src E=-2519.46826336 Ry
  gas H2      H2__beef                     nat= 2 nk= 1 coords-changed= 2  src E=-2.33323818 Ry
  gas H2O     H2O__beef                    nat= 3 nk= 1 coords-changed= 3  src E=-44.04119711 Ry
  14 decks verified
 
['src/dft/build_ru_pp.py', '--check'] 0 RU-PP builder -- CHECK ONLY, no files written
  12 decks verified
  slab    u000  U=0.0000  2-line diff at [3, 32]
  s0_O    u000  U=0.0000  2-line diff at [3, 30]
  s0_OH   u000  U=0.0000  2-line diff at [3, 31]
  s0_OOH  u000  U=0.0000  2-line diff at [3, 31]
  slab    u673  U=6.7300  2-line diff at [3, 32]
  s0_O    u673  U=6.7300  2-line diff at [3, 30]
  s0_OH   u673  U=6.7300  2-line diff at [3, 31]
  s0_OOH  u673  U=6.7300  2-line diff at [3, 31]
  slab    u900  U=9.0000  2-line diff at [3, 32]
  s0_O    u900  U=9.0000  2-line diff at [3, 30]
  s0_OH   u900  U=9.0000  2-line diff at [3, 31]
  s0_OOH  u900  U=9.0000  2-line diff at [3, 31]
 
