# Rank resolution readout (complete)

site rows 720; compositions 6; admit policy intact; rules min, median, p10, mean; B 10000; seed 0; model macempa0mediummodel
coverage: 66 of 60 expected stems

## T1 Decoration census

| composition | decorations (usable) | sites (admitted) | declared | bootstrap support C(2D-1,D) |
|---|---|---|---|---|
| Cu22Fe30Co32Mn15 | 30 (23) | 120 (33) | 3 x 12 | 4116715363800 |
| Cu26Ni9Cr31Co33 | 30 (5) | 120 (6) | 3 x 12 | 126 |
| Cu8Cr23Mn35Co34 | 30 (3) | 120 (4) | 3 x 12 | 10 |
| Fe25Co25Ni25Cr25 | 30 (9) | 120 (11) | 3 x 12 | 24310 |
| Ni31Cr29Cu5Mn35 | 30 (3) | 120 (3) | 3 x 12 | 10 |
| Ni34Fe6Cu29Co31 | 30 (13) | 120 (15) | 3 x 12 | 5200300 |

## T2 Composition statistic per rule with 90 % cluster-bootstrap interval; reproduction of the banked eta at 1e-06 V

| composition | banked rank | banked eta | abs(census min - banked) | reproduction | min | median | p10 | mean |
|---|---|---|---|---|---|---|---|---|
| Ni31Cr29Cu5Mn35 | 1 | 0.439996 | 0.0000000001 | REPRODUCED | 0.9349 [0.9349, 1.0995] | 1.0995 [0.9349, 1.2150] | 0.9679 [0.9349, 1.1226] | 1.0831 [0.9898, 1.1765] |
| Fe25Co25Ni25Cr25 | 2 | 0.453057 | 0.0000000005 | REPRODUCED | 0.8637 [0.8637, 0.9747] | 1.2293 [0.9747, 1.2886] | 0.9034 [0.8637, 1.1370] | 1.1694 [1.0683, 1.2494] |
| Cu26Ni9Cr31Co33 | 3 | 0.479192 | 0.0000000001 | REPRODUCED | 0.5937 [0.5937, 0.8634] | 0.9199 [0.7234, 0.9944] | 0.6585 [0.5937, 0.8752] | 0.9019 [0.7257, 1.0370] |
| Ni34Fe6Cu29Co31 | 4 | 0.725842 | 0.0000000395 | REPRODUCED | 0.6791 [0.6791, 0.7859] | 0.9616 [0.9049, 1.0475] | 0.7387 [0.6791, 0.9119] | 0.9653 [0.9023, 1.0358] |
| Cu8Cr23Mn35Co34 | 5 | 0.755768 | 0.0000000001 | REPRODUCED | 0.7159 [0.7159, 0.7558] | 0.9406 [0.7558, 1.1369] | 0.7279 [0.7159, 0.8388] | 0.9335 [0.8382, 1.0288] |
| Cu22Fe30Co32Mn15 | 6 | 0.795653 | 0.0000000210 | REPRODUCED | 0.6856 [0.6856, 0.8052] | 1.2095 [1.1367, 1.2349] | 0.8480 [0.8038, 0.8923] | 1.1267 [1.0610, 1.1822] |

census order and Kendall tau-a against the banked order: min: Cu26Ni9Cr31Co33 < Ni34Fe6Cu29Co31 < Cu22Fe30Co32Mn15 < Cu8Cr23Mn35Co34 < Fe25Co25Ni25Cr25 < Ni31Cr29Cu5Mn35 (tau -0.333); median: Cu26Ni9Cr31Co33 < Cu8Cr23Mn35Co34 < Ni34Fe6Cu29Co31 < Ni31Cr29Cu5Mn35 < Cu22Fe30Co32Mn15 < Fe25Co25Ni25Cr25 (tau -0.067); p10: Cu26Ni9Cr31Co33 < Cu8Cr23Mn35Co34 < Ni34Fe6Cu29Co31 < Cu22Fe30Co32Mn15 < Fe25Co25Ni25Cr25 < Ni31Cr29Cu5Mn35 (tau -0.333); mean: Cu26Ni9Cr31Co33 < Cu8Cr23Mn35Co34 < Ni34Fe6Cu29Co31 < Ni31Cr29Cu5Mn35 < Cu22Fe30Co32Mn15 < Fe25Co25Ni25Cr25 (tau -0.067)

## T3 Rank-probability matrix (min rule; P(rank r), rank 1 best; STABLE when P(banked rank) >= 0.95)

| composition | r1 | r2 | r3 | r4 | r5 | r6 | E[rank] | banked rank | label |
|---|---|---|---|---|---|---|---|---|---|
| Cu22Fe30Co32Mn15 | 0.072 | 0.291 | 0.328 | 0.302 | 0.007 | 0.000 | 2.88 | 6 | - |
| Cu26Ni9Cr31Co33 | 0.666 | 0.038 | 0.116 | 0.169 | 0.004 | 0.007 | 1.83 | 3 | - |
| Cu8Cr23Mn35Co34 | 0.010 | 0.135 | 0.420 | 0.399 | 0.002 | 0.034 | 3.35 | 5 | - |
| Fe25Co25Ni25Cr25 | 0.000 | 0.000 | 0.002 | 0.071 | 0.853 | 0.074 | 5.00 | 2 | - |
| Ni31Cr29Cu5Mn35 | 0.000 | 0.000 | 0.000 | 0.005 | 0.111 | 0.884 | 5.88 | 1 | - |
| Ni34Fe6Cu29Co31 | 0.252 | 0.536 | 0.134 | 0.054 | 0.023 | 0.001 | 2.06 | 4 | - |

## T3 Rank-probability matrix (median rule; P(rank r), rank 1 best; STABLE when P(banked rank) >= 0.95)

| composition | r1 | r2 | r3 | r4 | r5 | r6 | E[rank] | banked rank | label |
|---|---|---|---|---|---|---|---|---|---|
| Cu22Fe30Co32Mn15 | 0.004 | 0.010 | 0.007 | 0.144 | 0.535 | 0.300 | 5.10 | 6 | - |
| Cu26Ni9Cr31Co33 | 0.485 | 0.297 | 0.165 | 0.049 | 0.004 | 0.000 | 1.79 | 3 | - |
| Cu8Cr23Mn35Co34 | 0.354 | 0.191 | 0.151 | 0.252 | 0.050 | 0.002 | 2.46 | 5 | - |
| Fe25Co25Ni25Cr25 | 0.007 | 0.018 | 0.037 | 0.101 | 0.225 | 0.612 | 5.35 | 2 | - |
| Ni31Cr29Cu5Mn35 | 0.045 | 0.116 | 0.247 | 0.329 | 0.178 | 0.086 | 3.74 | 1 | - |
| Ni34Fe6Cu29Co31 | 0.105 | 0.369 | 0.393 | 0.125 | 0.008 | 0.000 | 2.56 | 4 | - |

## T3 Rank-probability matrix (p10 rule; P(rank r), rank 1 best; STABLE when P(banked rank) >= 0.95)

| composition | r1 | r2 | r3 | r4 | r5 | r6 | E[rank] | banked rank | label |
|---|---|---|---|---|---|---|---|---|---|
| Cu22Fe30Co32Mn15 | 0.008 | 0.057 | 0.258 | 0.585 | 0.088 | 0.004 | 3.70 | 6 | - |
| Cu26Ni9Cr31Co33 | 0.633 | 0.152 | 0.129 | 0.057 | 0.023 | 0.006 | 1.70 | 3 | - |
| Cu8Cr23Mn35Co34 | 0.169 | 0.431 | 0.309 | 0.055 | 0.005 | 0.031 | 2.39 | 5 | - |
| Fe25Co25Ni25Cr25 | 0.000 | 0.001 | 0.028 | 0.167 | 0.550 | 0.253 | 5.03 | 2 | - |
| Ni31Cr29Cu5Mn35 | 0.000 | 0.000 | 0.001 | 0.015 | 0.282 | 0.702 | 5.69 | 1 | - |
| Ni34Fe6Cu29Co31 | 0.190 | 0.359 | 0.275 | 0.121 | 0.053 | 0.003 | 2.50 | 4 | - |

## T3 Rank-probability matrix (mean rule; P(rank r), rank 1 best; STABLE when P(banked rank) >= 0.95)

| composition | r1 | r2 | r3 | r4 | r5 | r6 | E[rank] | banked rank | label |
|---|---|---|---|---|---|---|---|---|---|
| Cu22Fe30Co32Mn15 | 0.000 | 0.000 | 0.013 | 0.251 | 0.529 | 0.206 | 4.93 | 6 | - |
| Cu26Ni9Cr31Co33 | 0.573 | 0.227 | 0.168 | 0.031 | 0.002 | 0.000 | 1.66 | 3 | - |
| Cu8Cr23Mn35Co34 | 0.319 | 0.379 | 0.226 | 0.056 | 0.018 | 0.004 | 2.09 | 5 | - |
| Fe25Co25Ni25Cr25 | 0.000 | 0.001 | 0.008 | 0.096 | 0.225 | 0.670 | 5.55 | 2 | - |
| Ni31Cr29Cu5Mn35 | 0.004 | 0.030 | 0.114 | 0.506 | 0.225 | 0.121 | 4.28 | 1 | - |
| Ni34Fe6Cu29Co31 | 0.104 | 0.363 | 0.472 | 0.059 | 0.002 | 0.000 | 2.49 | 4 | - |

## T4 Adjacent gaps in the banked order (RESOLVED when P(order) >= 0.95; INVERTED when the observed gap is not positive; SPREAD-DECIDED when P falls with depth)

| pair | rule | gap (V) | P(order) | gap interval (V) | verdict | decorations needed [MC bracket] |
|---|---|---|---|---|---|---|
| Ni31Cr29Cu5Mn35 < Fe25Co25Ni25Cr25 | min | -0.07124 | 0.078 | [-0.2358, 0.0397] | INVERTED | observed gap is not positive under this rule; the banked order is inverted here |
| Fe25Co25Ni25Cr25 < Cu26Ni9Cr31Co33 | min | -0.27001 | 0.010 | [-0.3810, -0.0003] | INVERTED | observed gap is not positive under this rule; the banked order is inverted here |
| Cu26Ni9Cr31Co33 < Ni34Fe6Cu29Co31 | min | 0.08540 | 0.694 | [-0.1843, 0.1923] | UNRESOLVED | 9 [9, 10] |
| Ni34Fe6Cu29Co31 < Cu8Cr23Mn35Co34 | min | 0.03681 | 0.888 | [-0.0700, 0.0767] | UNRESOLVED / SPREAD-DECIDED | saturated: P(10000) = 0.020, best 0.495 at D = 1 |
| Cu8Cr23Mn35Co34 < Cu22Fe30Co32Mn15 | min | -0.03035 | 0.348 | [-0.0702, 0.0892] | INVERTED | observed gap is not positive under this rule; the banked order is inverted here |
| Ni31Cr29Cu5Mn35 < Fe25Co25Ni25Cr25 | median | 0.12987 | 0.843 | [-0.1248, 0.3374] | UNRESOLVED | 3 |
| Fe25Co25Ni25Cr25 < Cu26Ni9Cr31Co33 | median | -0.30946 | 0.028 | [-0.5602, -0.1087] | INVERTED | observed gap is not positive under this rule; the banked order is inverted here |
| Cu26Ni9Cr31Co33 < Ni34Fe6Cu29Co31 | median | 0.04167 | 0.752 | [-0.0598, 0.3241] | UNRESOLVED | 43 [41, 44] |
| Ni34Fe6Cu29Co31 < Cu8Cr23Mn35Co34 | median | -0.02096 | 0.452 | [-0.2787, 0.2086] | INVERTED | observed gap is not positive under this rule; the banked order is inverted here |
| Cu8Cr23Mn35Co34 < Cu22Fe30Co32Mn15 | median | 0.26894 | 0.981 | [0.0471, 0.4745] | RESOLVED | 1 |
| Ni31Cr29Cu5Mn35 < Fe25Co25Ni25Cr25 | p10 | -0.06450 | 0.262 | [-0.2478, 0.1896] | INVERTED | observed gap is not positive under this rule; the banked order is inverted here |
| Fe25Co25Ni25Cr25 < Cu26Ni9Cr31Co33 | p10 | -0.24482 | 0.030 | [-0.4938, -0.0282] | INVERTED | observed gap is not positive under this rule; the banked order is inverted here |
| Cu26Ni9Cr31Co33 < Ni34Fe6Cu29Co31 | p10 | 0.08017 | 0.729 | [-0.1562, 0.2827] | UNRESOLVED | 6 |
| Ni34Fe6Cu29Co31 < Cu8Cr23Mn35Co34 | p10 | -0.01085 | 0.491 | [-0.1730, 0.1529] | INVERTED | observed gap is not positive under this rule; the banked order is inverted here |
| Cu8Cr23Mn35Co34 < Cu22Fe30Co32Mn15 | p10 | 0.12018 | 0.879 | [-0.0349, 0.1682] | UNRESOLVED | 9 |
| Ni31Cr29Cu5Mn35 < Fe25Co25Ni25Cr25 | mean | 0.08620 | 0.830 | [-0.0578, 0.2225] | UNRESOLVED | 4 |
| Fe25Co25Ni25Cr25 < Cu26Ni9Cr31Co33 | mean | -0.26746 | 0.002 | [-0.4612, -0.1028] | INVERTED | observed gap is not positive under this rule; the banked order is inverted here |
| Cu26Ni9Cr31Co33 < Ni34Fe6Cu29Co31 | mean | 0.06337 | 0.752 | [-0.0826, 0.2559] | UNRESOLVED | 12 |
| Ni34Fe6Cu29Co31 < Cu8Cr23Mn35Co34 | mean | -0.03175 | 0.344 | [-0.1707, 0.1120] | INVERTED | observed gap is not positive under this rule; the banked order is inverted here |
| Cu8Cr23Mn35Co34 < Cu22Fe30Co32Mn15 | mean | 0.19318 | 0.978 | [0.0475, 0.3232] | RESOLVED | 2 |

resolved boundaries: min 0 of 5, median 1 of 5, p10 0 of 5, mean 1 of 5; inverted: min 3, median 2, p10 3, mean 2

## T5 Variance components (site eta; within/between decoration)

| composition | sites | decorations | site sd (pop.) | within sd | between sd | ICC | status |
|---|---|---|---|---|---|---|---|
| Cu22Fe30Co32Mn15 | 33 | 23 | 0.1935 | 0.1185 | 0.1588 | 0.642 | ok |
| Cu26Ni9Cr31Co33 | 6 | 5 | 0.2124 | 0.2007 | 0.1220 | 0.270 | ok |
| Cu8Cr23Mn35Co34 | 4 | 3 | 0.1982 | 0.2896 | 0.0000 | 0.000 | ok |
| Fe25Co25Ni25Cr25 | 11 | 9 | 0.1704 | 0.0900 | 0.1573 | 0.753 | ok |
| Ni31Cr29Cu5Mn35 | 3 | 3 | 0.1149 | - | - | - | insufficient decorations |
| Ni34Fe6Cu29Co31 | 15 | 13 | 0.1551 | 0.1679 | 0.0000 | 0.000 | ok |

## T6 Ridge on nearest-neighbour cation counts (cutoff 3.8 A, alpha 1.0)

| target | sites | status | R2 in-sample | R2 LOO | sigma in-sample | sigma LOO |
|---|---|---|---|---|---|---|
| eta | 720 | ok | 0.253 | 0.228 | 0.2129 | 0.2165 |
| dG_OH | 720 | ok | 0.444 | 0.423 | 0.1505 | 0.1534 |
| dG_O | 720 | ok | 0.286 | 0.261 | 0.8119 | 0.8259 |
| dG_OOH | 720 | ok | 0.168 | 0.141 | 0.6754 | 0.6866 |

## T7 Decorations needed for the banked adjacent gaps (banked eta_std pairs, 4 sites per decoration, target 0.95)

| pair | sigma a/b | rule | own banked gap (V) | decorations on own gap [MC bracket] | P at that depth | decorations at the banked min gap (hypothetical shift) | P | log10 N Gumbel (sa = sb only) |
|---|---|---|---|---|---|---|---|---|
| Ni31Cr29Cu5Mn35 < Fe25Co25Ni25Cr25 | 0.3241/0.3286 | min | 0.01306 | saturated: P(10000) = 0.489, best 0.516 at D = 1 | - | saturated: P(10000) = 0.489, best 0.516 at D = 1 | - | - |
| Ni31Cr29Cu5Mn35 < Fe25Co25Ni25Cr25 | 0.3241/0.3286 | median | - | no box estimate | - | 1331 [1284, 1375] | 0.950 | - |
| Ni31Cr29Cu5Mn35 < Fe25Co25Ni25Cr25 | 0.3241/0.3286 | p10 | - | no box estimate | - | 7748 [7477, 8012] | 0.950 | - |
| Ni31Cr29Cu5Mn35 < Fe25Co25Ni25Cr25 | 0.3241/0.3286 | mean | 0.13639 | 8 | 0.953 | 845 | 0.950 | - |
| Fe25Co25Ni25Cr25 < Cu26Ni9Cr31Co33 | 0.3286/0.2730 | min | 0.02614 | 790 [680, 912] | 0.950 | 790 [680, 912] | 0.950 | - |
| Fe25Co25Ni25Cr25 < Cu26Ni9Cr31Co33 | 0.3286/0.2730 | median | - | no box estimate | - | 286 [274, 296] | 0.950 | - |
| Fe25Co25Ni25Cr25 < Cu26Ni9Cr31Co33 | 0.3286/0.2730 | p10 | - | no box estimate | - | 38 [36, 39] | 0.951 | - |
| Fe25Co25Ni25Cr25 < Cu26Ni9Cr31Co33 | 0.3286/0.2730 | mean | -0.13070 | INVERTED | - | 181 | 0.950 | - |
| Cu26Ni9Cr31Co33 < Ni34Fe6Cu29Co31 | 0.2730/0.1945 | min | 0.24665 | 2 | 0.962 | 2 | 0.962 | - |
| Cu26Ni9Cr31Co33 < Ni34Fe6Cu29Co31 | 0.2730/0.1945 | median | - | no box estimate | - | 2 | 0.964 | - |
| Cu26Ni9Cr31Co33 < Ni34Fe6Cu29Co31 | 0.2730/0.1945 | p10 | - | no box estimate | - | 2 | 0.981 | - |
| Cu26Ni9Cr31Co33 < Ni34Fe6Cu29Co31 | 0.2730/0.1945 | mean | 0.08506 | 11 | 0.954 | 2 | 0.981 | - |
| Ni34Fe6Cu29Co31 < Cu8Cr23Mn35Co34 | 0.1945/0.1352 | min | 0.02993 | 17 [16, 18] | 0.951 | 17 [16, 18] | 0.951 | - |
| Ni34Fe6Cu29Co31 < Cu8Cr23Mn35Co34 | 0.1945/0.1352 | median | - | no box estimate | - | 67 [65, 70] | 0.950 | - |
| Ni34Fe6Cu29Co31 < Cu8Cr23Mn35Co34 | 0.1945/0.1352 | p10 | - | no box estimate | - | 10 [9, 10] | 0.954 | - |
| Ni34Fe6Cu29Co31 < Cu8Cr23Mn35Co34 | 0.1945/0.1352 | mean | 0.05740 | 12 | 0.953 | 43 | 0.951 | - |
| Cu8Cr23Mn35Co34 < Cu22Fe30Co32Mn15 | 0.1352/0.1841 | min | 0.03989 | saturated: P(10000) = 0.005, best 0.487 at D = 1 | - | saturated: P(10000) = 0.005, best 0.487 at D = 1 | - | - |
| Cu8Cr23Mn35Co34 < Cu22Fe30Co32Mn15 | 0.1352/0.1841 | median | - | no box estimate | - | 35 [33, 36] | 0.952 | - |
| Cu8Cr23Mn35Co34 < Cu22Fe30Co32Mn15 | 0.1352/0.1841 | p10 | - | no box estimate | - | saturated: P(10000) = 0.000, best 0.497 at D = 1 | - | - |
| Cu8Cr23Mn35Co34 < Cu22Fe30Co32Mn15 | 0.1352/0.1841 | mean | 0.02931 | 42 | 0.952 | 23 | 0.953 | - |

hypothetical shift = the banked min gap 0.013060, 0.026135, 0.246650, 0.029926, 0.039885 V applied to every rule; own gap = min: banked eta, mean: banked eta_mean, median/p10: no box estimate.

written: C:\Users\frank\sts-electrocatalyst\results\site_census_2026-09-06\readout\rank_resolution_intact.json
