TASK 2 hea/controls_2026-09-07/hc__leader_pull2.10__atomic__baseline np=128 nk=8 node=a010.anvil.rcac.purdue.edu cpus=128 Mon Sep  7 12:27:32 UTC 2026
PILOT: four-hour allocation includes SCF, projection and retention; no automatic retries
TASK 2 hea/controls_2026-09-07/hc__leader_pull2.10__atomic__baseline rc=0 wall=3585s converged=1 energies=1 job_done=1 failures=0 Mon Sep  7 13:27:17 UTC 2026
   final: !    total energy              =   -7956.42026039 Ry
   projwfc rc=0 job_done=1 lowdin_blocks=1 failures=0 -> hc__leader_pull2.10__atomic__baseline.projwfc.out
   retained density: hea/controls_2026-09-07/dens/hc__leader_pull2.10__atomic__baseline.save (225M, wavefunctions dropped after successful projwfc)
PILOT COMPLETE: converged SCF, complete projection/Lowdin and retained density
Job ID: 20470747
Array Job ID: 20470747_2
Cluster: anvil
User/Group: x-fcai3/x-che260157
State: RUNNING
Nodes: 1
Cores per node: 128
CPU Utilized: 00:00:00
CPU Efficiency: 0.00% of 5-10:03:44 core-walltime
Job Wall-clock time: 01:00:58
Memory Utilized: 0.00 MB (estimated maximum)
Memory Efficiency: 0.00% of 237.00 GB (1.85 GB/core)
WARNING: Efficiency statistics may be misleading for RUNNING jobs.
