TASK 1 hea/controls_2026-09-07/hc__leader_builder__atomic__baseline np=128 nk=8 node=a058.anvil.rcac.purdue.edu cpus=128 Mon Sep  7 11:11:24 UTC 2026
PILOT: four-hour allocation includes SCF, projection and retention; no automatic retries
TASK 1 hea/controls_2026-09-07/hc__leader_builder__atomic__baseline rc=0 wall=4476s converged=1 energies=1 job_done=1 failures=0 Mon Sep  7 12:26:00 UTC 2026
   final: !    total energy              =   -7956.26933842 Ry
   projwfc rc=0 job_done=1 lowdin_blocks=1 failures=0 -> hc__leader_builder__atomic__baseline.projwfc.out
   retained density: hea/controls_2026-09-07/dens/hc__leader_builder__atomic__baseline.save (209M, wavefunctions dropped after successful projwfc)
PILOT COMPLETE: converged SCF, complete projection/Lowdin and retained density
Job ID: 20470753
Array Job ID: 20470747_1
Cluster: anvil
User/Group: x-fcai3/x-che260157
State: RUNNING
Nodes: 1
Cores per node: 128
CPU Utilized: 00:00:00
CPU Efficiency: 0.00% of 6-16:55:28 core-walltime
Job Wall-clock time: 01:15:26
Memory Utilized: 0.00 MB (estimated maximum)
Memory Efficiency: 0.00% of 237.00 GB (1.85 GB/core)
WARNING: Efficiency statistics may be misleading for RUNNING jobs.
