Verified background desktop: Codex_STS_Background
{
  "trial_check": {
    "absolute": 0.00011464205365793734,
    "atom": 20,
    "species": "Co",
    "axis": "z",
    "left": -0.016696717618337235,
    "right": -0.016811359671995173
  },
  "readings": {
    "R2_startup_threshold": "ETHR_INSUFFICIENT"
  }
}
exit 0 results/pa_fixed_geometry_diag_2026-10-05/interim_2026-10-06_readout/interim_readout_registered.json
{
  "trial_check": {
    "absolute": 0.00011464205365793734,
    "atom": 20,
    "species": "Co",
    "axis": "z",
    "left": -0.016696717618337235,
    "right": -0.016811359671995173
  },
  "readings": {
    "R1_restart_path_reproducibility": "NOT_REPRODUCIBLE",
    "R2_startup_threshold": "ETHR_INSUFFICIENT"
  }
}
exit 0 results/pa_fixed_geometry_diag_2026-10-05/interim_2026-10-06_readout/interim_readout_unfiltered_informative.json
